../Core/Src/main.c:82:5:_write	32	static
../Core/Src/main.c:100:5:main	120	static
../Core/Src/main.c:193:6:SystemClock_Config	120	static
../Core/Src/main.c:253:13:MX_USART3_UART_Init	8	static
../Core/Src/main.c:299:13:MX_DMA_Init	16	static
../Core/Src/main.c:320:13:MX_GPIO_Init	56	static
../Core/Src/main.c:417:6:HAL_UART_TxCpltCallback	16	static
../Core/Src/main.c:426:6:HAL_UARTEx_RxEventCallback	16	static
../Core/Src/main.c:501:6:StartDefaultTask	24	static
../Core/Src/main.c:529:6:USBFileSystem_Init	16	static
../Core/Src/main.c:547:6:CommInterface_Init	16	static
../Core/Src/main.c:559:6:Timer1_Callback	16	static
../Core/Src/main.c:574:6:HAL_TIM_PeriodElapsedCallback	16	static
../Core/Src/main.c:591:6:Error_Handler	4	static,ignoring_inline_asm
