../Core/Src/main.c:94:5:_write	32	static
../Core/Src/main.c:116:5:main	120	static
../Core/Src/main.c:210:6:SystemClock_Config	120	static
../Core/Src/main.c:270:13:MX_USART3_UART_Init	8	static
../Core/Src/main.c:316:13:MX_DMA_Init	16	static
../Core/Src/main.c:337:13:MX_GPIO_Init	56	static
../Core/Src/main.c:436:6:HAL_UART_TxCpltCallback	16	static
../Core/Src/main.c:445:6:HAL_UARTEx_RxEventCallback	24	static,ignoring_inline_asm
../Core/Src/main.c:532:6:StartDefaultTask	16	static
../Core/Src/main.c:559:6:USBFileSystemTask_Start	16	static
../Core/Src/main.c:577:6:ConsoleTask_Start	56	dynamic
../Core/Src/main.c:727:6:Timer1_Callback	16	static
../Core/Src/main.c:742:6:HAL_TIM_PeriodElapsedCallback	16	static
../Core/Src/main.c:759:6:Error_Handler	4	static,ignoring_inline_asm
