../Core/Src/main.c:91:5:_write	32	static
../Core/Src/main.c:113:5:main	120	static
../Core/Src/main.c:206:6:SystemClock_Config	120	static
../Core/Src/main.c:266:13:MX_USART3_UART_Init	8	static
../Core/Src/main.c:312:13:MX_DMA_Init	16	static
../Core/Src/main.c:333:13:MX_GPIO_Init	56	static
../Core/Src/main.c:430:6:HAL_UART_TxCpltCallback	16	static
../Core/Src/main.c:439:6:HAL_UARTEx_RxEventCallback	24	static,ignoring_inline_asm
../Core/Src/main.c:535:6:StartDefaultTask	24	static
../Core/Src/main.c:563:6:USBFileSystemTask_Start	16	static
../Core/Src/main.c:581:6:ConsoleTask_Start	64	dynamic
../Core/Src/main.c:707:6:Timer1_Callback	16	static
../Core/Src/main.c:722:6:HAL_TIM_PeriodElapsedCallback	16	static
../Core/Src/main.c:739:6:Error_Handler	4	static,ignoring_inline_asm
