../Core/Src/main.c:92:5:_write	32	static
../Core/Src/main.c:114:5:main	120	static
../Core/Src/main.c:207:6:SystemClock_Config	120	static
../Core/Src/main.c:267:13:MX_USART3_UART_Init	8	static
../Core/Src/main.c:313:13:MX_DMA_Init	16	static
../Core/Src/main.c:334:13:MX_GPIO_Init	56	static
../Core/Src/main.c:431:6:HAL_UART_TxCpltCallback	16	static
../Core/Src/main.c:440:6:HAL_UARTEx_RxEventCallback	24	static,ignoring_inline_asm
../Core/Src/main.c:536:6:StartDefaultTask	24	static
../Core/Src/main.c:564:6:USBFileSystemTask_Start	16	static
../Core/Src/main.c:582:6:ConsoleTask_Start	64	dynamic
../Core/Src/main.c:708:6:Timer1_Callback	16	static
../Core/Src/main.c:723:6:HAL_TIM_PeriodElapsedCallback	16	static
../Core/Src/main.c:740:6:Error_Handler	4	static,ignoring_inline_asm
