18:26:35 **** Incremental Build of configuration Debug for project RTOS_USBFS ****
make -j11 all 
arm-none-eabi-gcc "../Core/Src/file_operations.c" -mcpu=cortex-m7 -std=gnu11 -g3 -DDEBUG -DUSE_HAL_DRIVER -DSTM32H723xx -c -I../Core/Inc -I../FATFS/Target -I../FATFS/App -I../USB_HOST/App -I../USB_HOST/Target -I../Drivers/STM32H7xx_HAL_Driver/Inc -I../Drivers/STM32H7xx_HAL_Driver/Inc/Legacy -I../Middlewares/Third_Party/FreeRTOS/Source/include -I../Middlewares/Third_Party/FreeRTOS/Source/CMSIS_RTOS -I../Middlewares/Third_Party/FreeRTOS/Source/portable/GCC/ARM_CM4F -I../Middlewares/Third_Party/FatFs/src -I../Middlewares/ST/STM32_USB_Host_Library/Core/Inc -I../Middlewares/ST/STM32_USB_Host_Library/Class/MSC/Inc -I../Drivers/CMSIS/Device/ST/STM32H7xx/Include -I../Drivers/CMSIS/Include -O0 -ffunction-sections -fdata-sections -Wall -fstack-usage -MMD -MP -MF"Core/Src/file_operations.d" -MT"Core/Src/file_operations.o" --specs=nano.specs -mfpu=fpv5-d16 -mfloat-abi=hard -mthumb -o "Core/Src/file_operations.o"
arm-none-eabi-gcc "../Core/Src/main.c" -mcpu=cortex-m7 -std=gnu11 -g3 -DDEBUG -DUSE_HAL_DRIVER -DSTM32H723xx -c -I../Core/Inc -I../FATFS/Target -I../FATFS/App -I../USB_HOST/App -I../USB_HOST/Target -I../Drivers/STM32H7xx_HAL_Driver/Inc -I../Drivers/STM32H7xx_HAL_Driver/Inc/Legacy -I../Middlewares/Third_Party/FreeRTOS/Source/include -I../Middlewares/Third_Party/FreeRTOS/Source/CMSIS_RTOS -I../Middlewares/Third_Party/FreeRTOS/Source/portable/GCC/ARM_CM4F -I../Middlewares/Third_Party/FatFs/src -I../Middlewares/ST/STM32_USB_Host_Library/Core/Inc -I../Middlewares/ST/STM32_USB_Host_Library/Class/MSC/Inc -I../Drivers/CMSIS/Device/ST/STM32H7xx/Include -I../Drivers/CMSIS/Include -O0 -ffunction-sections -fdata-sections -Wall -fstack-usage -MMD -MP -MF"Core/Src/main.d" -MT"Core/Src/main.o" --specs=nano.specs -mfpu=fpv5-d16 -mfloat-abi=hard -mthumb -o "Core/Src/main.o"
../Core/Src/file_operations.c: In function 'write_file':
../Core/Src/file_operations.c:18:1: error: expected '=', ',', ';', 'asm' or '__attribute__' before '{' token
   18 | {
      | ^
../Core/Src/file_operations.c:49:1: error: expected '=', ',', ';', 'asm' or '__attribute__' before '{' token
   49 | {
      | ^
../Core/Src/file_operations.c:88:1: error: expected '=', ',', ';', 'asm' or '__attribute__' before '{' token
   88 | {
      | ^
../Core/Src/file_operations.c:121:1: error: expected '=', ',', ';', 'asm' or '__attribute__' before '{' token
  121 | {
      | ^
../Core/Src/file_operations.c:144:1: error: expected '=', ',', ';', 'asm' or '__attribute__' before '{' token
  144 | {
      | ^
../Core/Src/file_operations.c:173:30: error: expected '=', ',', ';', 'asm' or '__attribute__' before '{' token
  173 | FRESULT echo(char *arguments){
      |                              ^
../Core/Src/file_operations.c:220:1: error: expected '=', ',', ';', 'asm' or '__attribute__' before '{' token
  220 | {
      | ^
In file included from ../Core/Src/file_operations.c:8:
../Core/Inc/file_operations.h:24:9: error: old-style parameter declarations in prototyped function definition
   24 | FRESULT write_file (char *filename, char* data, BYTE mode)
      |         ^~~~~~~~~~
../Core/Src/file_operations.c:241: error: expected '{' at end of input
  241 | 
      | 
../Core/Src/main.c: In function 'write_file':
../Core/Src/main.c:45:27: error: storage class specified for parameter 'Appli_state'
   45 | extern ApplicationTypeDef Appli_state;
      |                           ^~~~~~~~~~~
../Core/Src/main.c:73:13: error: storage class specified for parameter 'MX_GPIO_Init'
   73 | static void MX_GPIO_Init(void);
      |             ^~~~~~~~~~~~
../Core/Src/main.c:74:13: error: storage class specified for parameter 'MX_USART3_UART_Init'
   74 | static void MX_USART3_UART_Init(void);
      |             ^~~~~~~~~~~~~~~~~~~
../Core/Src/main.c:75:13: error: storage class specified for parameter 'MX_DMA_Init'
   75 | static void MX_DMA_Init(void);
      |             ^~~~~~~~~~~
../Core/Src/main.c:92:1: error: expected '=', ',', ';', 'asm' or '__attribute__' before '{' token
   92 | {
      | ^
../Core/Src/main.c:114:1: error: expected '=', ',', ';', 'asm' or '__attribute__' before '{' token
  114 | {
      | ^
../Core/Src/main.c:207:1: error: expected '=', ',', ';', 'asm' or '__attribute__' before '{' token
  207 | {
      | ^
../Core/Src/main.c:267:1: error: expected '=', ',', ';', 'asm' or '__attribute__' before '{' token
  267 | {
      | ^
../Core/Src/main.c:313:1: error: expected '=', ',', ';', 'asm' or '__attribute__' before '{' token
  313 | {
      | ^
../Core/Src/main.c:334:1: error: expected '=', ',', ';', 'asm' or '__attribute__' before '{' token
  334 | {
      | ^
../Core/Src/file_operations.c:241: warning: control reaches end of non-void function [-Wreturn-type]
  241 | 
      | 
../Core/Src/main.c:423:1: error: parameter 'txDoneFlag' is initialized
  423 | uint8_t txDoneFlag = 0;
      | ^~~~~~~
../Core/Src/main.c:425:15: error: storage class specified for parameter 'old_RX_buffer_position'
  425 | static size_t old_RX_buffer_position = 0;
      |               ^~~~~~~~~~~~~~~~~~~~~~
../Core/Src/main.c:425:1: error: parameter 'old_RX_buffer_position' is initialized
  425 | static size_t old_RX_buffer_position = 0;
      | ^~~~~~
../Core/Src/main.c:426:15: error: storage class specified for parameter 'current_RX_buffer_position'
  426 | static size_t current_RX_buffer_position = 0;
      |               ^~~~~~~~~~~~~~~~~~~~~~~~~~
../Core/Src/main.c:426:1: error: parameter 'current_RX_buffer_position' is initialized
  426 | static size_t current_RX_buffer_position = 0;
      | ^~~~~~
../Core/Src/main.c:431:1: error: expected '=', ',', ';', 'asm' or '__attribute__' before '{' token
  431 | {
      | ^
../Core/Src/main.c:439:74: error: expected '=', ',', ';', 'asm' or '__attribute__' before '{' token
  439 | void HAL_UARTEx_RxEventCallback(UART_HandleTypeDef *huart, uint16_t Size){
      |                                                                          ^
../Core/Src/main.c:536:1: error: expected '=', ',', ';', 'asm' or '__attribute__' before '{' token
  536 | {
      | ^
../Core/Src/main.c:564:1: error: expected '=', ',', ';', 'asm' or '__attribute__' before '{' token
  564 | {
      | ^
../Core/Src/main.c:582:1: error: expected '=', ',', ';', 'asm' or '__attribute__' before '{' token
  582 | {
      | ^
../Core/Src/main.c:705:1: error: expected '=', ',', ';', 'asm' or '__attribute__' before '{' token
  705 | {
      | ^
../Core/Src/main.c:720:1: error: expected '=', ',', ';', 'asm' or '__attribute__' before '{' token
  720 | {
      | ^
../Core/Src/main.c:737:1: error: expected '=', ',', ';', 'asm' or '__attribute__' before '{' token
  737 | {
      | ^
In file included from ../Core/Src/main.c:27:
../Core/Inc/file_operations.h:24:9: error: old-style parameter declarations in prototyped function definition
   24 | FRESULT write_file (char *filename, char* data, BYTE mode)
      |         ^~~~~~~~~~
../Core/Src/main.c:763: error: expected '{' at end of input
../Core/Src/main.c:763: warning: control reaches end of non-void function [-Wreturn-type]
make: *** [Core/Src/subdir.mk:43: Core/Src/file_operations.o] Error 1
make: *** Waiting for unfinished jobs....
make: *** [Core/Src/subdir.mk:43: Core/Src/main.o] Error 1
"make -j11 all" terminated with exit code 2. Build might be incomplete.
18:27:01 **** Incremental Build of configuration Debug for project RTOS_USBFS ****
make -j11 all 
arm-none-eabi-gcc "../Core/Src/file_operations.c" -mcpu=cortex-m7 -std=gnu11 -g3 -DDEBUG -DUSE_HAL_DRIVER -DSTM32H723xx -c -I../Core/Inc -I../FATFS/Target -I../FATFS/App -I../USB_HOST/App -I../USB_HOST/Target -I../Drivers/STM32H7xx_HAL_Driver/Inc -I../Drivers/STM32H7xx_HAL_Driver/Inc/Legacy -I../Middlewares/Third_Party/FreeRTOS/Source/include -I../Middlewares/Third_Party/FreeRTOS/Source/CMSIS_RTOS -I../Middlewares/Third_Party/FreeRTOS/Source/portable/GCC/ARM_CM4F -I../Middlewares/Third_Party/FatFs/src -I../Middlewares/ST/STM32_USB_Host_Library/Core/Inc -I../Middlewares/ST/STM32_USB_Host_Library/Class/MSC/Inc -I../Drivers/CMSIS/Device/ST/STM32H7xx/Include -I../Drivers/CMSIS/Include -O0 -ffunction-sections -fdata-sections -Wall -fstack-usage -MMD -MP -MF"Core/Src/file_operations.d" -MT"Core/Src/file_operations.o" --specs=nano.specs -mfpu=fpv5-d16 -mfloat-abi=hard -mthumb -o "Core/Src/file_operations.o"
arm-none-eabi-gcc "../Core/Src/main.c" -mcpu=cortex-m7 -std=gnu11 -g3 -DDEBUG -DUSE_HAL_DRIVER -DSTM32H723xx -c -I../Core/Inc -I../FATFS/Target -I../FATFS/App -I../USB_HOST/App -I../USB_HOST/Target -I../Drivers/STM32H7xx_HAL_Driver/Inc -I../Drivers/STM32H7xx_HAL_Driver/Inc/Legacy -I../Middlewares/Third_Party/FreeRTOS/Source/include -I../Middlewares/Third_Party/FreeRTOS/Source/CMSIS_RTOS -I../Middlewares/Third_Party/FreeRTOS/Source/portable/GCC/ARM_CM4F -I../Middlewares/Third_Party/FatFs/src -I../Middlewares/ST/STM32_USB_Host_Library/Core/Inc -I../Middlewares/ST/STM32_USB_Host_Library/Class/MSC/Inc -I../Drivers/CMSIS/Device/ST/STM32H7xx/Include -I../Drivers/CMSIS/Include -O0 -ffunction-sections -fdata-sections -Wall -fstack-usage -MMD -MP -MF"Core/Src/main.d" -MT"Core/Src/main.o" --specs=nano.specs -mfpu=fpv5-d16 -mfloat-abi=hard -mthumb -o "Core/Src/main.o"
../Core/Src/main.c: In function 'StartDefaultTask':
../Core/Src/main.c:546:7: warning: unused variable 'count' [-Wunused-variable]
  546 |   int count = 0;
      |       ^~~~~
../Core/Src/main.c: In function 'ConsoleTask_Start':
../Core/Src/main.c:671:9: warning: implicit declaration of function 'scan_all_files'; did you mean 'scan_files'? [-Wimplicit-function-declaration]
  671 |    fr = scan_all_files(buf);
      |         ^~~~~~~~~~~~~~
      |         scan_files
../Core/Src/main.c:593:10: warning: variable 'fr' set but not used [-Wunused-but-set-variable]
  593 |  FRESULT fr;
      |          ^~
arm-none-eabi-gcc -o "RTOS_USBFS.elf" @"objects.list"   -mcpu=cortex-m7 -T"/Users/kaanari/PlanS/RTOS_USBFS/STM32H723ZGTX_FLASH.ld" --specs=nosys.specs -Wl,-Map="RTOS_USBFS.map" -Wl,--gc-sections -static --specs=nano.specs -mfpu=fpv5-d16 -mfloat-abi=hard -mthumb -Wl,--start-group -lc -lm -Wl,--end-group
Finished building target: RTOS_USBFS.elf
 
arm-none-eabi-size   RTOS_USBFS.elf 
arm-none-eabi-objdump -h -S  RTOS_USBFS.elf  > "RTOS_USBFS.list"
   text	   data	    bss	    dec	    hex	filename
 112740	    160	  30536	 143436	  2304c	RTOS_USBFS.elf
Finished building: default.size.stdout
 
Finished building: RTOS_USBFS.list
 
18:45:23 **** Incremental Build of configuration Debug for project RTOS_USBFS ****
make -j11 all 
arm-none-eabi-gcc "../Core/Src/file_operations.c" -mcpu=cortex-m7 -std=gnu11 -g3 -DDEBUG -DUSE_HAL_DRIVER -DSTM32H723xx -c -I../Core/Inc -I../FATFS/Target -I../FATFS/App -I../USB_HOST/App -I../USB_HOST/Target -I../Drivers/STM32H7xx_HAL_Driver/Inc -I../Drivers/STM32H7xx_HAL_Driver/Inc/Legacy -I../Middlewares/Third_Party/FreeRTOS/Source/include -I../Middlewares/Third_Party/FreeRTOS/Source/CMSIS_RTOS -I../Middlewares/Third_Party/FreeRTOS/Source/portable/GCC/ARM_CM4F -I../Middlewares/Third_Party/FatFs/src -I../Middlewares/ST/STM32_USB_Host_Library/Core/Inc -I../Middlewares/ST/STM32_USB_Host_Library/Class/MSC/Inc -I../Drivers/CMSIS/Device/ST/STM32H7xx/Include -I../Drivers/CMSIS/Include -O0 -ffunction-sections -fdata-sections -Wall -fstack-usage -MMD -MP -MF"Core/Src/file_operations.d" -MT"Core/Src/file_operations.o" --specs=nano.specs -mfpu=fpv5-d16 -mfloat-abi=hard -mthumb -o "Core/Src/file_operations.o"
arm-none-eabi-gcc "../Core/Src/main.c" -mcpu=cortex-m7 -std=gnu11 -g3 -DDEBUG -DUSE_HAL_DRIVER -DSTM32H723xx -c -I../Core/Inc -I../FATFS/Target -I../FATFS/App -I../USB_HOST/App -I../USB_HOST/Target -I../Drivers/STM32H7xx_HAL_Driver/Inc -I../Drivers/STM32H7xx_HAL_Driver/Inc/Legacy -I../Middlewares/Third_Party/FreeRTOS/Source/include -I../Middlewares/Third_Party/FreeRTOS/Source/CMSIS_RTOS -I../Middlewares/Third_Party/FreeRTOS/Source/portable/GCC/ARM_CM4F -I../Middlewares/Third_Party/FatFs/src -I../Middlewares/ST/STM32_USB_Host_Library/Core/Inc -I../Middlewares/ST/STM32_USB_Host_Library/Class/MSC/Inc -I../Drivers/CMSIS/Device/ST/STM32H7xx/Include -I../Drivers/CMSIS/Include -O0 -ffunction-sections -fdata-sections -Wall -fstack-usage -MMD -MP -MF"Core/Src/main.d" -MT"Core/Src/main.o" --specs=nano.specs -mfpu=fpv5-d16 -mfloat-abi=hard -mthumb -o "Core/Src/main.o"
../Core/Src/file_operations.c: In function 'read_file':
../Core/Src/file_operations.c:176:31: error: 'USBHfno' undeclared (first use in this function)
  176 |  fresult = f_stat (filename, &USBHfno);
      |                               ^~~~~~~
../Core/Src/file_operations.c:176:31: note: each undeclared identifier is reported only once for each function it appears in
../Core/Src/main.c: In function 'StartDefaultTask':
../Core/Src/main.c:546:7: warning: unused variable 'count' [-Wunused-variable]
  546 |   int count = 0;
      |       ^~~~~
../Core/Src/main.c: In function 'ConsoleTask_Start':
../Core/Src/main.c:671:9: warning: implicit declaration of function 'scan_all_files'; did you mean 'scan_files'? [-Wimplicit-function-declaration]
  671 |    fr = scan_all_files(buf);
      |         ^~~~~~~~~~~~~~
      |         scan_files
../Core/Src/main.c:593:10: warning: variable 'fr' set but not used [-Wunused-but-set-variable]
  593 |  FRESULT fr;
      |          ^~
make: *** [Core/Src/subdir.mk:43: Core/Src/file_operations.o] Error 1
make: *** Waiting for unfinished jobs....
"make -j11 all" terminated with exit code 2. Build might be incomplete.
18:46:00 **** Incremental Build of configuration Debug for project RTOS_USBFS ****
make -j11 all 
arm-none-eabi-gcc "../Core/Src/file_operations.c" -mcpu=cortex-m7 -std=gnu11 -g3 -DDEBUG -DUSE_HAL_DRIVER -DSTM32H723xx -c -I../Core/Inc -I../FATFS/Target -I../FATFS/App -I../USB_HOST/App -I../USB_HOST/Target -I../Drivers/STM32H7xx_HAL_Driver/Inc -I../Drivers/STM32H7xx_HAL_Driver/Inc/Legacy -I../Middlewares/Third_Party/FreeRTOS/Source/include -I../Middlewares/Third_Party/FreeRTOS/Source/CMSIS_RTOS -I../Middlewares/Third_Party/FreeRTOS/Source/portable/GCC/ARM_CM4F -I../Middlewares/Third_Party/FatFs/src -I../Middlewares/ST/STM32_USB_Host_Library/Core/Inc -I../Middlewares/ST/STM32_USB_Host_Library/Class/MSC/Inc -I../Drivers/CMSIS/Device/ST/STM32H7xx/Include -I../Drivers/CMSIS/Include -O0 -ffunction-sections -fdata-sections -Wall -fstack-usage -MMD -MP -MF"Core/Src/file_operations.d" -MT"Core/Src/file_operations.o" --specs=nano.specs -mfpu=fpv5-d16 -mfloat-abi=hard -mthumb -o "Core/Src/file_operations.o"
arm-none-eabi-gcc -o "RTOS_USBFS.elf" @"objects.list"   -mcpu=cortex-m7 -T"/Users/kaanari/PlanS/RTOS_USBFS/STM32H723ZGTX_FLASH.ld" --specs=nosys.specs -Wl,-Map="RTOS_USBFS.map" -Wl,--gc-sections -static --specs=nano.specs -mfpu=fpv5-d16 -mfloat-abi=hard -mthumb -Wl,--start-group -lc -lm -Wl,--end-group
Finished building target: RTOS_USBFS.elf
 
arm-none-eabi-size   RTOS_USBFS.elf 
arm-none-eabi-objdump -h -S  RTOS_USBFS.elf  > "RTOS_USBFS.list"
   text	   data	    bss	    dec	    hex	filename
 114068	    160	  30536	 144764	  2357c	RTOS_USBFS.elf
Finished building: default.size.stdout
 
Finished building: RTOS_USBFS.list
 
18:47:26 **** Incremental Build of configuration Debug for project RTOS_USBFS ****
make -j11 all 
arm-none-eabi-gcc "../Core/Src/file_operations.c" -mcpu=cortex-m7 -std=gnu11 -g3 -DDEBUG -DUSE_HAL_DRIVER -DSTM32H723xx -c -I../Core/Inc -I../FATFS/Target -I../FATFS/App -I../USB_HOST/App -I../USB_HOST/Target -I../Drivers/STM32H7xx_HAL_Driver/Inc -I../Drivers/STM32H7xx_HAL_Driver/Inc/Legacy -I../Middlewares/Third_Party/FreeRTOS/Source/include -I../Middlewares/Third_Party/FreeRTOS/Source/CMSIS_RTOS -I../Middlewares/Third_Party/FreeRTOS/Source/portable/GCC/ARM_CM4F -I../Middlewares/Third_Party/FatFs/src -I../Middlewares/ST/STM32_USB_Host_Library/Core/Inc -I../Middlewares/ST/STM32_USB_Host_Library/Class/MSC/Inc -I../Drivers/CMSIS/Device/ST/STM32H7xx/Include -I../Drivers/CMSIS/Include -O0 -ffunction-sections -fdata-sections -Wall -fstack-usage -MMD -MP -MF"Core/Src/file_operations.d" -MT"Core/Src/file_operations.o" --specs=nano.specs -mfpu=fpv5-d16 -mfloat-abi=hard -mthumb -o "Core/Src/file_operations.o"
arm-none-eabi-gcc -o "RTOS_USBFS.elf" @"objects.list"   -mcpu=cortex-m7 -T"/Users/kaanari/PlanS/RTOS_USBFS/STM32H723ZGTX_FLASH.ld" --specs=nosys.specs -Wl,-Map="RTOS_USBFS.map" -Wl,--gc-sections -static --specs=nano.specs -mfpu=fpv5-d16 -mfloat-abi=hard -mthumb -Wl,--start-group -lc -lm -Wl,--end-group
Finished building target: RTOS_USBFS.elf
 
arm-none-eabi-size   RTOS_USBFS.elf 
arm-none-eabi-objdump -h -S  RTOS_USBFS.elf  > "RTOS_USBFS.list"
   text	   data	    bss	    dec	    hex	filename
 114084	    160	  30536	 144780	  2358c	RTOS_USBFS.elf
Finished building: default.size.stdout
 
Finished building: RTOS_USBFS.list
 
18:49:06 **** Incremental Build of configuration Debug for project RTOS_USBFS ****
make -j11 all 
arm-none-eabi-gcc "../Core/Src/file_operations.c" -mcpu=cortex-m7 -std=gnu11 -g3 -DDEBUG -DUSE_HAL_DRIVER -DSTM32H723xx -c -I../Core/Inc -I../FATFS/Target -I../FATFS/App -I../USB_HOST/App -I../USB_HOST/Target -I../Drivers/STM32H7xx_HAL_Driver/Inc -I../Drivers/STM32H7xx_HAL_Driver/Inc/Legacy -I../Middlewares/Third_Party/FreeRTOS/Source/include -I../Middlewares/Third_Party/FreeRTOS/Source/CMSIS_RTOS -I../Middlewares/Third_Party/FreeRTOS/Source/portable/GCC/ARM_CM4F -I../Middlewares/Third_Party/FatFs/src -I../Middlewares/ST/STM32_USB_Host_Library/Core/Inc -I../Middlewares/ST/STM32_USB_Host_Library/Class/MSC/Inc -I../Drivers/CMSIS/Device/ST/STM32H7xx/Include -I../Drivers/CMSIS/Include -O0 -ffunction-sections -fdata-sections -Wall -fstack-usage -MMD -MP -MF"Core/Src/file_operations.d" -MT"Core/Src/file_operations.o" --specs=nano.specs -mfpu=fpv5-d16 -mfloat-abi=hard -mthumb -o "Core/Src/file_operations.o"
arm-none-eabi-gcc -o "RTOS_USBFS.elf" @"objects.list"   -mcpu=cortex-m7 -T"/Users/kaanari/PlanS/RTOS_USBFS/STM32H723ZGTX_FLASH.ld" --specs=nosys.specs -Wl,-Map="RTOS_USBFS.map" -Wl,--gc-sections -static --specs=nano.specs -mfpu=fpv5-d16 -mfloat-abi=hard -mthumb -Wl,--start-group -lc -lm -Wl,--end-group
Finished building target: RTOS_USBFS.elf
 
arm-none-eabi-size   RTOS_USBFS.elf 
arm-none-eabi-objdump -h -S  RTOS_USBFS.elf  > "RTOS_USBFS.list"
   text	   data	    bss	    dec	    hex	filename
 114080	    160	  30536	 144776	  23588	RTOS_USBFS.elf
Finished building: default.size.stdout
 
Finished building: RTOS_USBFS.list
 
18:49:42 **** Incremental Build of configuration Debug for project RTOS_USBFS ****
make -j11 all 
arm-none-eabi-size   RTOS_USBFS.elf 
   text	   data	    bss	    dec	    hex	filename
 114080	    160	  30536	 144776	  23588	RTOS_USBFS.elf
Finished building: default.size.stdout
 
18:58:23 **** Incremental Build of configuration Debug for project RTOS_USBFS ****
make -j11 all 
arm-none-eabi-gcc "../Core/Src/file_operations.c" -mcpu=cortex-m7 -std=gnu11 -g3 -DDEBUG -DUSE_HAL_DRIVER -DSTM32H723xx -c -I../Core/Inc -I../FATFS/Target -I../FATFS/App -I../USB_HOST/App -I../USB_HOST/Target -I../Drivers/STM32H7xx_HAL_Driver/Inc -I../Drivers/STM32H7xx_HAL_Driver/Inc/Legacy -I../Middlewares/Third_Party/FreeRTOS/Source/include -I../Middlewares/Third_Party/FreeRTOS/Source/CMSIS_RTOS -I../Middlewares/Third_Party/FreeRTOS/Source/portable/GCC/ARM_CM4F -I../Middlewares/Third_Party/FatFs/src -I../Middlewares/ST/STM32_USB_Host_Library/Core/Inc -I../Middlewares/ST/STM32_USB_Host_Library/Class/MSC/Inc -I../Drivers/CMSIS/Device/ST/STM32H7xx/Include -I../Drivers/CMSIS/Include -O0 -ffunction-sections -fdata-sections -Wall -fstack-usage -MMD -MP -MF"Core/Src/file_operations.d" -MT"Core/Src/file_operations.o" --specs=nano.specs -mfpu=fpv5-d16 -mfloat-abi=hard -mthumb -o "Core/Src/file_operations.o"
arm-none-eabi-gcc -o "RTOS_USBFS.elf" @"objects.list"   -mcpu=cortex-m7 -T"/Users/kaanari/PlanS/RTOS_USBFS/STM32H723ZGTX_FLASH.ld" --specs=nosys.specs -Wl,-Map="RTOS_USBFS.map" -Wl,--gc-sections -static --specs=nano.specs -mfpu=fpv5-d16 -mfloat-abi=hard -mthumb -Wl,--start-group -lc -lm -Wl,--end-group
Finished building target: RTOS_USBFS.elf
 
arm-none-eabi-size   RTOS_USBFS.elf 
arm-none-eabi-objdump -h -S  RTOS_USBFS.elf  > "RTOS_USBFS.list"
   text	   data	    bss	    dec	    hex	filename
 114112	    160	  30536	 144808	  235a8	RTOS_USBFS.elf
Finished building: default.size.stdout
 
Finished building: RTOS_USBFS.list
 
19:03:34 **** Incremental Build of configuration Debug for project RTOS_USBFS ****
make -j11 all 
arm-none-eabi-gcc "../Core/Src/file_operations.c" -mcpu=cortex-m7 -std=gnu11 -g3 -DDEBUG -DUSE_HAL_DRIVER -DSTM32H723xx -c -I../Core/Inc -I../FATFS/Target -I../FATFS/App -I../USB_HOST/App -I../USB_HOST/Target -I../Drivers/STM32H7xx_HAL_Driver/Inc -I../Drivers/STM32H7xx_HAL_Driver/Inc/Legacy -I../Middlewares/Third_Party/FreeRTOS/Source/include -I../Middlewares/Third_Party/FreeRTOS/Source/CMSIS_RTOS -I../Middlewares/Third_Party/FreeRTOS/Source/portable/GCC/ARM_CM4F -I../Middlewares/Third_Party/FatFs/src -I../Middlewares/ST/STM32_USB_Host_Library/Core/Inc -I../Middlewares/ST/STM32_USB_Host_Library/Class/MSC/Inc -I../Drivers/CMSIS/Device/ST/STM32H7xx/Include -I../Drivers/CMSIS/Include -O0 -ffunction-sections -fdata-sections -Wall -fstack-usage -MMD -MP -MF"Core/Src/file_operations.d" -MT"Core/Src/file_operations.o" --specs=nano.specs -mfpu=fpv5-d16 -mfloat-abi=hard -mthumb -o "Core/Src/file_operations.o"
arm-none-eabi-gcc -o "RTOS_USBFS.elf" @"objects.list"   -mcpu=cortex-m7 -T"/Users/kaanari/PlanS/RTOS_USBFS/STM32H723ZGTX_FLASH.ld" --specs=nosys.specs -Wl,-Map="RTOS_USBFS.map" -Wl,--gc-sections -static --specs=nano.specs -mfpu=fpv5-d16 -mfloat-abi=hard -mthumb -Wl,--start-group -lc -lm -Wl,--end-group
Finished building target: RTOS_USBFS.elf
 
arm-none-eabi-size   RTOS_USBFS.elf 
arm-none-eabi-objdump -h -S  RTOS_USBFS.elf  > "RTOS_USBFS.list"
   text	   data	    bss	    dec	    hex	filename
 114080	    160	  30536	 144776	  23588	RTOS_USBFS.elf
Finished building: default.size.stdout
 
Finished building: RTOS_USBFS.list
 
19:07:29 **** Incremental Build of configuration Debug for project RTOS_USBFS ****
make -j11 all 
arm-none-eabi-size   RTOS_USBFS.elf 
   text	   data	    bss	    dec	    hex	filename
 114080	    160	  30536	 144776	  23588	RTOS_USBFS.elf
Finished building: default.size.stdout
 
19:10:20 **** Incremental Build of configuration Debug for project RTOS_USBFS ****
make -j11 all 
arm-none-eabi-gcc "../Core/Src/file_operations.c" -mcpu=cortex-m7 -std=gnu11 -g3 -DDEBUG -DUSE_HAL_DRIVER -DSTM32H723xx -c -I../Core/Inc -I../FATFS/Target -I../FATFS/App -I../USB_HOST/App -I../USB_HOST/Target -I../Drivers/STM32H7xx_HAL_Driver/Inc -I../Drivers/STM32H7xx_HAL_Driver/Inc/Legacy -I../Middlewares/Third_Party/FreeRTOS/Source/include -I../Middlewares/Third_Party/FreeRTOS/Source/CMSIS_RTOS -I../Middlewares/Third_Party/FreeRTOS/Source/portable/GCC/ARM_CM4F -I../Middlewares/Third_Party/FatFs/src -I../Middlewares/ST/STM32_USB_Host_Library/Core/Inc -I../Middlewares/ST/STM32_USB_Host_Library/Class/MSC/Inc -I../Drivers/CMSIS/Device/ST/STM32H7xx/Include -I../Drivers/CMSIS/Include -O0 -ffunction-sections -fdata-sections -Wall -fstack-usage -MMD -MP -MF"Core/Src/file_operations.d" -MT"Core/Src/file_operations.o" --specs=nano.specs -mfpu=fpv5-d16 -mfloat-abi=hard -mthumb -o "Core/Src/file_operations.o"
arm-none-eabi-gcc -o "RTOS_USBFS.elf" @"objects.list"   -mcpu=cortex-m7 -T"/Users/kaanari/PlanS/RTOS_USBFS/STM32H723ZGTX_FLASH.ld" --specs=nosys.specs -Wl,-Map="RTOS_USBFS.map" -Wl,--gc-sections -static --specs=nano.specs -mfpu=fpv5-d16 -mfloat-abi=hard -mthumb -Wl,--start-group -lc -lm -Wl,--end-group
Finished building target: RTOS_USBFS.elf
 
arm-none-eabi-size   RTOS_USBFS.elf 
arm-none-eabi-objdump -h -S  RTOS_USBFS.elf  > "RTOS_USBFS.list"
   text	   data	    bss	    dec	    hex	filename
 114096	    160	  30536	 144792	  23598	RTOS_USBFS.elf
Finished building: default.size.stdout
 
Finished building: RTOS_USBFS.list
 
20:09:59 **** Build of configuration Debug for project BOOTLOADER ****
make -j11 all 
arm-none-eabi-gcc "../Drivers/STM32H7xx_HAL_Driver/Src/stm32h7xx_hal.c" -mcpu=cortex-m7 -std=gnu11 -g3 -DDEBUG -DUSE_HAL_DRIVER -DSTM32H723xx -c -I../Core/Inc -I../Drivers/STM32H7xx_HAL_Driver/Inc -I../Drivers/STM32H7xx_HAL_Driver/Inc/Legacy -I../Drivers/CMSIS/Device/ST/STM32H7xx/Include -I../Drivers/CMSIS/Include -O0 -ffunction-sections -fdata-sections -Wall -fstack-usage -MMD -MP -MF"Drivers/STM32H7xx_HAL_Driver/Src/stm32h7xx_hal.d" -MT"Drivers/STM32H7xx_HAL_Driver/Src/stm32h7xx_hal.o" --specs=nano.specs -mfpu=fpv5-d16 -mfloat-abi=hard -mthumb -o "Drivers/STM32H7xx_HAL_Driver/Src/stm32h7xx_hal.o"
arm-none-eabi-gcc "../Drivers/STM32H7xx_HAL_Driver/Src/stm32h7xx_hal_cortex.c" -mcpu=cortex-m7 -std=gnu11 -g3 -DDEBUG -DUSE_HAL_DRIVER -DSTM32H723xx -c -I../Core/Inc -I../Drivers/STM32H7xx_HAL_Driver/Inc -I../Drivers/STM32H7xx_HAL_Driver/Inc/Legacy -I../Drivers/CMSIS/Device/ST/STM32H7xx/Include -I../Drivers/CMSIS/Include -O0 -ffunction-sections -fdata-sections -Wall -fstack-usage -MMD -MP -MF"Drivers/STM32H7xx_HAL_Driver/Src/stm32h7xx_hal_cortex.d" -MT"Drivers/STM32H7xx_HAL_Driver/Src/stm32h7xx_hal_cortex.o" --specs=nano.specs -mfpu=fpv5-d16 -mfloat-abi=hard -mthumb -o "Drivers/STM32H7xx_HAL_Driver/Src/stm32h7xx_hal_cortex.o"
arm-none-eabi-gcc "../Drivers/STM32H7xx_HAL_Driver/Src/stm32h7xx_hal_crc.c" -mcpu=cortex-m7 -std=gnu11 -g3 -DDEBUG -DUSE_HAL_DRIVER -DSTM32H723xx -c -I../Core/Inc -I../Drivers/STM32H7xx_HAL_Driver/Inc -I../Drivers/STM32H7xx_HAL_Driver/Inc/Legacy -I../Drivers/CMSIS/Device/ST/STM32H7xx/Include -I../Drivers/CMSIS/Include -O0 -ffunction-sections -fdata-sections -Wall -fstack-usage -MMD -MP -MF"Drivers/STM32H7xx_HAL_Driver/Src/stm32h7xx_hal_crc.d" -MT"Drivers/STM32H7xx_HAL_Driver/Src/stm32h7xx_hal_crc.o" --specs=nano.specs -mfpu=fpv5-d16 -mfloat-abi=hard -mthumb -o "Drivers/STM32H7xx_HAL_Driver/Src/stm32h7xx_hal_crc.o"
arm-none-eabi-gcc "../Drivers/STM32H7xx_HAL_Driver/Src/stm32h7xx_hal_crc_ex.c" -mcpu=cortex-m7 -std=gnu11 -g3 -DDEBUG -DUSE_HAL_DRIVER -DSTM32H723xx -c -I../Core/Inc -I../Drivers/STM32H7xx_HAL_Driver/Inc -I../Drivers/STM32H7xx_HAL_Driver/Inc/Legacy -I../Drivers/CMSIS/Device/ST/STM32H7xx/Include -I../Drivers/CMSIS/Include -O0 -ffunction-sections -fdata-sections -Wall -fstack-usage -MMD -MP -MF"Drivers/STM32H7xx_HAL_Driver/Src/stm32h7xx_hal_crc_ex.d" -MT"Drivers/STM32H7xx_HAL_Driver/Src/stm32h7xx_hal_crc_ex.o" --specs=nano.specs -mfpu=fpv5-d16 -mfloat-abi=hard -mthumb -o "Drivers/STM32H7xx_HAL_Driver/Src/stm32h7xx_hal_crc_ex.o"
arm-none-eabi-gcc "../Drivers/STM32H7xx_HAL_Driver/Src/stm32h7xx_hal_dma.c" -mcpu=cortex-m7 -std=gnu11 -g3 -DDEBUG -DUSE_HAL_DRIVER -DSTM32H723xx -c -I../Core/Inc -I../Drivers/STM32H7xx_HAL_Driver/Inc -I../Drivers/STM32H7xx_HAL_Driver/Inc/Legacy -I../Drivers/CMSIS/Device/ST/STM32H7xx/Include -I../Drivers/CMSIS/Include -O0 -ffunction-sections -fdata-sections -Wall -fstack-usage -MMD -MP -MF"Drivers/STM32H7xx_HAL_Driver/Src/stm32h7xx_hal_dma.d" -MT"Drivers/STM32H7xx_HAL_Driver/Src/stm32h7xx_hal_dma.o" --specs=nano.specs -mfpu=fpv5-d16 -mfloat-abi=hard -mthumb -o "Drivers/STM32H7xx_HAL_Driver/Src/stm32h7xx_hal_dma.o"
arm-none-eabi-gcc "../Drivers/STM32H7xx_HAL_Driver/Src/stm32h7xx_hal_dma_ex.c" -mcpu=cortex-m7 -std=gnu11 -g3 -DDEBUG -DUSE_HAL_DRIVER -DSTM32H723xx -c -I../Core/Inc -I../Drivers/STM32H7xx_HAL_Driver/Inc -I../Drivers/STM32H7xx_HAL_Driver/Inc/Legacy -I../Drivers/CMSIS/Device/ST/STM32H7xx/Include -I../Drivers/CMSIS/Include -O0 -ffunction-sections -fdata-sections -Wall -fstack-usage -MMD -MP -MF"Drivers/STM32H7xx_HAL_Driver/Src/stm32h7xx_hal_dma_ex.d" -MT"Drivers/STM32H7xx_HAL_Driver/Src/stm32h7xx_hal_dma_ex.o" --specs=nano.specs -mfpu=fpv5-d16 -mfloat-abi=hard -mthumb -o "Drivers/STM32H7xx_HAL_Driver/Src/stm32h7xx_hal_dma_ex.o"
arm-none-eabi-gcc "../Drivers/STM32H7xx_HAL_Driver/Src/stm32h7xx_hal_exti.c" -mcpu=cortex-m7 -std=gnu11 -g3 -DDEBUG -DUSE_HAL_DRIVER -DSTM32H723xx -c -I../Core/Inc -I../Drivers/STM32H7xx_HAL_Driver/Inc -I../Drivers/STM32H7xx_HAL_Driver/Inc/Legacy -I../Drivers/CMSIS/Device/ST/STM32H7xx/Include -I../Drivers/CMSIS/Include -O0 -ffunction-sections -fdata-sections -Wall -fstack-usage -MMD -MP -MF"Drivers/STM32H7xx_HAL_Driver/Src/stm32h7xx_hal_exti.d" -MT"Drivers/STM32H7xx_HAL_Driver/Src/stm32h7xx_hal_exti.o" --specs=nano.specs -mfpu=fpv5-d16 -mfloat-abi=hard -mthumb -o "Drivers/STM32H7xx_HAL_Driver/Src/stm32h7xx_hal_exti.o"
arm-none-eabi-gcc "../Drivers/STM32H7xx_HAL_Driver/Src/stm32h7xx_hal_flash.c" -mcpu=cortex-m7 -std=gnu11 -g3 -DDEBUG -DUSE_HAL_DRIVER -DSTM32H723xx -c -I../Core/Inc -I../Drivers/STM32H7xx_HAL_Driver/Inc -I../Drivers/STM32H7xx_HAL_Driver/Inc/Legacy -I../Drivers/CMSIS/Device/ST/STM32H7xx/Include -I../Drivers/CMSIS/Include -O0 -ffunction-sections -fdata-sections -Wall -fstack-usage -MMD -MP -MF"Drivers/STM32H7xx_HAL_Driver/Src/stm32h7xx_hal_flash.d" -MT"Drivers/STM32H7xx_HAL_Driver/Src/stm32h7xx_hal_flash.o" --specs=nano.specs -mfpu=fpv5-d16 -mfloat-abi=hard -mthumb -o "Drivers/STM32H7xx_HAL_Driver/Src/stm32h7xx_hal_flash.o"
arm-none-eabi-gcc "../Drivers/STM32H7xx_HAL_Driver/Src/stm32h7xx_hal_flash_ex.c" -mcpu=cortex-m7 -std=gnu11 -g3 -DDEBUG -DUSE_HAL_DRIVER -DSTM32H723xx -c -I../Core/Inc -I../Drivers/STM32H7xx_HAL_Driver/Inc -I../Drivers/STM32H7xx_HAL_Driver/Inc/Legacy -I../Drivers/CMSIS/Device/ST/STM32H7xx/Include -I../Drivers/CMSIS/Include -O0 -ffunction-sections -fdata-sections -Wall -fstack-usage -MMD -MP -MF"Drivers/STM32H7xx_HAL_Driver/Src/stm32h7xx_hal_flash_ex.d" -MT"Drivers/STM32H7xx_HAL_Driver/Src/stm32h7xx_hal_flash_ex.o" --specs=nano.specs -mfpu=fpv5-d16 -mfloat-abi=hard -mthumb -o "Drivers/STM32H7xx_HAL_Driver/Src/stm32h7xx_hal_flash_ex.o"
arm-none-eabi-gcc "../Drivers/STM32H7xx_HAL_Driver/Src/stm32h7xx_hal_gpio.c" -mcpu=cortex-m7 -std=gnu11 -g3 -DDEBUG -DUSE_HAL_DRIVER -DSTM32H723xx -c -I../Core/Inc -I../Drivers/STM32H7xx_HAL_Driver/Inc -I../Drivers/STM32H7xx_HAL_Driver/Inc/Legacy -I../Drivers/CMSIS/Device/ST/STM32H7xx/Include -I../Drivers/CMSIS/Include -O0 -ffunction-sections -fdata-sections -Wall -fstack-usage -MMD -MP -MF"Drivers/STM32H7xx_HAL_Driver/Src/stm32h7xx_hal_gpio.d" -MT"Drivers/STM32H7xx_HAL_Driver/Src/stm32h7xx_hal_gpio.o" --specs=nano.specs -mfpu=fpv5-d16 -mfloat-abi=hard -mthumb -o "Drivers/STM32H7xx_HAL_Driver/Src/stm32h7xx_hal_gpio.o"
arm-none-eabi-gcc "../Drivers/STM32H7xx_HAL_Driver/Src/stm32h7xx_hal_hsem.c" -mcpu=cortex-m7 -std=gnu11 -g3 -DDEBUG -DUSE_HAL_DRIVER -DSTM32H723xx -c -I../Core/Inc -I../Drivers/STM32H7xx_HAL_Driver/Inc -I../Drivers/STM32H7xx_HAL_Driver/Inc/Legacy -I../Drivers/CMSIS/Device/ST/STM32H7xx/Include -I../Drivers/CMSIS/Include -O0 -ffunction-sections -fdata-sections -Wall -fstack-usage -MMD -MP -MF"Drivers/STM32H7xx_HAL_Driver/Src/stm32h7xx_hal_hsem.d" -MT"Drivers/STM32H7xx_HAL_Driver/Src/stm32h7xx_hal_hsem.o" --specs=nano.specs -mfpu=fpv5-d16 -mfloat-abi=hard -mthumb -o "Drivers/STM32H7xx_HAL_Driver/Src/stm32h7xx_hal_hsem.o"
arm-none-eabi-gcc "../Drivers/STM32H7xx_HAL_Driver/Src/stm32h7xx_hal_i2c.c" -mcpu=cortex-m7 -std=gnu11 -g3 -DDEBUG -DUSE_HAL_DRIVER -DSTM32H723xx -c -I../Core/Inc -I../Drivers/STM32H7xx_HAL_Driver/Inc -I../Drivers/STM32H7xx_HAL_Driver/Inc/Legacy -I../Drivers/CMSIS/Device/ST/STM32H7xx/Include -I../Drivers/CMSIS/Include -O0 -ffunction-sections -fdata-sections -Wall -fstack-usage -MMD -MP -MF"Drivers/STM32H7xx_HAL_Driver/Src/stm32h7xx_hal_i2c.d" -MT"Drivers/STM32H7xx_HAL_Driver/Src/stm32h7xx_hal_i2c.o" --specs=nano.specs -mfpu=fpv5-d16 -mfloat-abi=hard -mthumb -o "Drivers/STM32H7xx_HAL_Driver/Src/stm32h7xx_hal_i2c.o"
arm-none-eabi-gcc "../Drivers/STM32H7xx_HAL_Driver/Src/stm32h7xx_hal_i2c_ex.c" -mcpu=cortex-m7 -std=gnu11 -g3 -DDEBUG -DUSE_HAL_DRIVER -DSTM32H723xx -c -I../Core/Inc -I../Drivers/STM32H7xx_HAL_Driver/Inc -I../Drivers/STM32H7xx_HAL_Driver/Inc/Legacy -I../Drivers/CMSIS/Device/ST/STM32H7xx/Include -I../Drivers/CMSIS/Include -O0 -ffunction-sections -fdata-sections -Wall -fstack-usage -MMD -MP -MF"Drivers/STM32H7xx_HAL_Driver/Src/stm32h7xx_hal_i2c_ex.d" -MT"Drivers/STM32H7xx_HAL_Driver/Src/stm32h7xx_hal_i2c_ex.o" --specs=nano.specs -mfpu=fpv5-d16 -mfloat-abi=hard -mthumb -o "Drivers/STM32H7xx_HAL_Driver/Src/stm32h7xx_hal_i2c_ex.o"
arm-none-eabi-gcc "../Drivers/STM32H7xx_HAL_Driver/Src/stm32h7xx_hal_mdma.c" -mcpu=cortex-m7 -std=gnu11 -g3 -DDEBUG -DUSE_HAL_DRIVER -DSTM32H723xx -c -I../Core/Inc -I../Drivers/STM32H7xx_HAL_Driver/Inc -I../Drivers/STM32H7xx_HAL_Driver/Inc/Legacy -I../Drivers/CMSIS/Device/ST/STM32H7xx/Include -I../Drivers/CMSIS/Include -O0 -ffunction-sections -fdata-sections -Wall -fstack-usage -MMD -MP -MF"Drivers/STM32H7xx_HAL_Driver/Src/stm32h7xx_hal_mdma.d" -MT"Drivers/STM32H7xx_HAL_Driver/Src/stm32h7xx_hal_mdma.o" --specs=nano.specs -mfpu=fpv5-d16 -mfloat-abi=hard -mthumb -o "Drivers/STM32H7xx_HAL_Driver/Src/stm32h7xx_hal_mdma.o"
arm-none-eabi-gcc "../Drivers/STM32H7xx_HAL_Driver/Src/stm32h7xx_hal_pwr.c" -mcpu=cortex-m7 -std=gnu11 -g3 -DDEBUG -DUSE_HAL_DRIVER -DSTM32H723xx -c -I../Core/Inc -I../Drivers/STM32H7xx_HAL_Driver/Inc -I../Drivers/STM32H7xx_HAL_Driver/Inc/Legacy -I../Drivers/CMSIS/Device/ST/STM32H7xx/Include -I../Drivers/CMSIS/Include -O0 -ffunction-sections -fdata-sections -Wall -fstack-usage -MMD -MP -MF"Drivers/STM32H7xx_HAL_Driver/Src/stm32h7xx_hal_pwr.d" -MT"Drivers/STM32H7xx_HAL_Driver/Src/stm32h7xx_hal_pwr.o" --specs=nano.specs -mfpu=fpv5-d16 -mfloat-abi=hard -mthumb -o "Drivers/STM32H7xx_HAL_Driver/Src/stm32h7xx_hal_pwr.o"
arm-none-eabi-gcc "../Drivers/STM32H7xx_HAL_Driver/Src/stm32h7xx_hal_pwr_ex.c" -mcpu=cortex-m7 -std=gnu11 -g3 -DDEBUG -DUSE_HAL_DRIVER -DSTM32H723xx -c -I../Core/Inc -I../Drivers/STM32H7xx_HAL_Driver/Inc -I../Drivers/STM32H7xx_HAL_Driver/Inc/Legacy -I../Drivers/CMSIS/Device/ST/STM32H7xx/Include -I../Drivers/CMSIS/Include -O0 -ffunction-sections -fdata-sections -Wall -fstack-usage -MMD -MP -MF"Drivers/STM32H7xx_HAL_Driver/Src/stm32h7xx_hal_pwr_ex.d" -MT"Drivers/STM32H7xx_HAL_Driver/Src/stm32h7xx_hal_pwr_ex.o" --specs=nano.specs -mfpu=fpv5-d16 -mfloat-abi=hard -mthumb -o "Drivers/STM32H7xx_HAL_Driver/Src/stm32h7xx_hal_pwr_ex.o"
arm-none-eabi-gcc "../Drivers/STM32H7xx_HAL_Driver/Src/stm32h7xx_hal_rcc.c" -mcpu=cortex-m7 -std=gnu11 -g3 -DDEBUG -DUSE_HAL_DRIVER -DSTM32H723xx -c -I../Core/Inc -I../Drivers/STM32H7xx_HAL_Driver/Inc -I../Drivers/STM32H7xx_HAL_Driver/Inc/Legacy -I../Drivers/CMSIS/Device/ST/STM32H7xx/Include -I../Drivers/CMSIS/Include -O0 -ffunction-sections -fdata-sections -Wall -fstack-usage -MMD -MP -MF"Drivers/STM32H7xx_HAL_Driver/Src/stm32h7xx_hal_rcc.d" -MT"Drivers/STM32H7xx_HAL_Driver/Src/stm32h7xx_hal_rcc.o" --specs=nano.specs -mfpu=fpv5-d16 -mfloat-abi=hard -mthumb -o "Drivers/STM32H7xx_HAL_Driver/Src/stm32h7xx_hal_rcc.o"
arm-none-eabi-gcc "../Drivers/STM32H7xx_HAL_Driver/Src/stm32h7xx_hal_rcc_ex.c" -mcpu=cortex-m7 -std=gnu11 -g3 -DDEBUG -DUSE_HAL_DRIVER -DSTM32H723xx -c -I../Core/Inc -I../Drivers/STM32H7xx_HAL_Driver/Inc -I../Drivers/STM32H7xx_HAL_Driver/Inc/Legacy -I../Drivers/CMSIS/Device/ST/STM32H7xx/Include -I../Drivers/CMSIS/Include -O0 -ffunction-sections -fdata-sections -Wall -fstack-usage -MMD -MP -MF"Drivers/STM32H7xx_HAL_Driver/Src/stm32h7xx_hal_rcc_ex.d" -MT"Drivers/STM32H7xx_HAL_Driver/Src/stm32h7xx_hal_rcc_ex.o" --specs=nano.specs -mfpu=fpv5-d16 -mfloat-abi=hard -mthumb -o "Drivers/STM32H7xx_HAL_Driver/Src/stm32h7xx_hal_rcc_ex.o"
arm-none-eabi-gcc "../Drivers/STM32H7xx_HAL_Driver/Src/stm32h7xx_hal_tim.c" -mcpu=cortex-m7 -std=gnu11 -g3 -DDEBUG -DUSE_HAL_DRIVER -DSTM32H723xx -c -I../Core/Inc -I../Drivers/STM32H7xx_HAL_Driver/Inc -I../Drivers/STM32H7xx_HAL_Driver/Inc/Legacy -I../Drivers/CMSIS/Device/ST/STM32H7xx/Include -I../Drivers/CMSIS/Include -O0 -ffunction-sections -fdata-sections -Wall -fstack-usage -MMD -MP -MF"Drivers/STM32H7xx_HAL_Driver/Src/stm32h7xx_hal_tim.d" -MT"Drivers/STM32H7xx_HAL_Driver/Src/stm32h7xx_hal_tim.o" --specs=nano.specs -mfpu=fpv5-d16 -mfloat-abi=hard -mthumb -o "Drivers/STM32H7xx_HAL_Driver/Src/stm32h7xx_hal_tim.o"
arm-none-eabi-gcc "../Drivers/STM32H7xx_HAL_Driver/Src/stm32h7xx_hal_tim_ex.c" -mcpu=cortex-m7 -std=gnu11 -g3 -DDEBUG -DUSE_HAL_DRIVER -DSTM32H723xx -c -I../Core/Inc -I../Drivers/STM32H7xx_HAL_Driver/Inc -I../Drivers/STM32H7xx_HAL_Driver/Inc/Legacy -I../Drivers/CMSIS/Device/ST/STM32H7xx/Include -I../Drivers/CMSIS/Include -O0 -ffunction-sections -fdata-sections -Wall -fstack-usage -MMD -MP -MF"Drivers/STM32H7xx_HAL_Driver/Src/stm32h7xx_hal_tim_ex.d" -MT"Drivers/STM32H7xx_HAL_Driver/Src/stm32h7xx_hal_tim_ex.o" --specs=nano.specs -mfpu=fpv5-d16 -mfloat-abi=hard -mthumb -o "Drivers/STM32H7xx_HAL_Driver/Src/stm32h7xx_hal_tim_ex.o"
arm-none-eabi-gcc "../Drivers/STM32H7xx_HAL_Driver/Src/stm32h7xx_hal_uart.c" -mcpu=cortex-m7 -std=gnu11 -g3 -DDEBUG -DUSE_HAL_DRIVER -DSTM32H723xx -c -I../Core/Inc -I../Drivers/STM32H7xx_HAL_Driver/Inc -I../Drivers/STM32H7xx_HAL_Driver/Inc/Legacy -I../Drivers/CMSIS/Device/ST/STM32H7xx/Include -I../Drivers/CMSIS/Include -O0 -ffunction-sections -fdata-sections -Wall -fstack-usage -MMD -MP -MF"Drivers/STM32H7xx_HAL_Driver/Src/stm32h7xx_hal_uart.d" -MT"Drivers/STM32H7xx_HAL_Driver/Src/stm32h7xx_hal_uart.o" --specs=nano.specs -mfpu=fpv5-d16 -mfloat-abi=hard -mthumb -o "Drivers/STM32H7xx_HAL_Driver/Src/stm32h7xx_hal_uart.o"
arm-none-eabi-gcc "../Drivers/STM32H7xx_HAL_Driver/Src/stm32h7xx_hal_uart_ex.c" -mcpu=cortex-m7 -std=gnu11 -g3 -DDEBUG -DUSE_HAL_DRIVER -DSTM32H723xx -c -I../Core/Inc -I../Drivers/STM32H7xx_HAL_Driver/Inc -I../Drivers/STM32H7xx_HAL_Driver/Inc/Legacy -I../Drivers/CMSIS/Device/ST/STM32H7xx/Include -I../Drivers/CMSIS/Include -O0 -ffunction-sections -fdata-sections -Wall -fstack-usage -MMD -MP -MF"Drivers/STM32H7xx_HAL_Driver/Src/stm32h7xx_hal_uart_ex.d" -MT"Drivers/STM32H7xx_HAL_Driver/Src/stm32h7xx_hal_uart_ex.o" --specs=nano.specs -mfpu=fpv5-d16 -mfloat-abi=hard -mthumb -o "Drivers/STM32H7xx_HAL_Driver/Src/stm32h7xx_hal_uart_ex.o"
arm-none-eabi-gcc -mcpu=cortex-m7 -g3 -DDEBUG -c -x assembler-with-cpp -MMD -MP -MF"Core/Startup/startup_stm32h723zgtx.d" -MT"Core/Startup/startup_stm32h723zgtx.o" --specs=nano.specs -mfpu=fpv5-d16 -mfloat-abi=hard -mthumb -o "Core/Startup/startup_stm32h723zgtx.o" "../Core/Startup/startup_stm32h723zgtx.s"
arm-none-eabi-gcc "../Core/Src/main.c" -mcpu=cortex-m7 -std=gnu11 -g3 -DDEBUG -DUSE_HAL_DRIVER -DSTM32H723xx -c -I../Core/Inc -I../Drivers/STM32H7xx_HAL_Driver/Inc -I../Drivers/STM32H7xx_HAL_Driver/Inc/Legacy -I../Drivers/CMSIS/Device/ST/STM32H7xx/Include -I../Drivers/CMSIS/Include -O0 -ffunction-sections -fdata-sections -Wall -fstack-usage -MMD -MP -MF"Core/Src/main.d" -MT"Core/Src/main.o" --specs=nano.specs -mfpu=fpv5-d16 -mfloat-abi=hard -mthumb -o "Core/Src/main.o"
arm-none-eabi-gcc "../Core/Src/stm32h7xx_hal_msp.c" -mcpu=cortex-m7 -std=gnu11 -g3 -DDEBUG -DUSE_HAL_DRIVER -DSTM32H723xx -c -I../Core/Inc -I../Drivers/STM32H7xx_HAL_Driver/Inc -I../Drivers/STM32H7xx_HAL_Driver/Inc/Legacy -I../Drivers/CMSIS/Device/ST/STM32H7xx/Include -I../Drivers/CMSIS/Include -O0 -ffunction-sections -fdata-sections -Wall -fstack-usage -MMD -MP -MF"Core/Src/stm32h7xx_hal_msp.d" -MT"Core/Src/stm32h7xx_hal_msp.o" --specs=nano.specs -mfpu=fpv5-d16 -mfloat-abi=hard -mthumb -o "Core/Src/stm32h7xx_hal_msp.o"
arm-none-eabi-gcc "../Core/Src/stm32h7xx_it.c" -mcpu=cortex-m7 -std=gnu11 -g3 -DDEBUG -DUSE_HAL_DRIVER -DSTM32H723xx -c -I../Core/Inc -I../Drivers/STM32H7xx_HAL_Driver/Inc -I../Drivers/STM32H7xx_HAL_Driver/Inc/Legacy -I../Drivers/CMSIS/Device/ST/STM32H7xx/Include -I../Drivers/CMSIS/Include -O0 -ffunction-sections -fdata-sections -Wall -fstack-usage -MMD -MP -MF"Core/Src/stm32h7xx_it.d" -MT"Core/Src/stm32h7xx_it.o" --specs=nano.specs -mfpu=fpv5-d16 -mfloat-abi=hard -mthumb -o "Core/Src/stm32h7xx_it.o"
arm-none-eabi-gcc "../Core/Src/syscalls.c" -mcpu=cortex-m7 -std=gnu11 -g3 -DDEBUG -DUSE_HAL_DRIVER -DSTM32H723xx -c -I../Core/Inc -I../Drivers/STM32H7xx_HAL_Driver/Inc -I../Drivers/STM32H7xx_HAL_Driver/Inc/Legacy -I../Drivers/CMSIS/Device/ST/STM32H7xx/Include -I../Drivers/CMSIS/Include -O0 -ffunction-sections -fdata-sections -Wall -fstack-usage -MMD -MP -MF"Core/Src/syscalls.d" -MT"Core/Src/syscalls.o" --specs=nano.specs -mfpu=fpv5-d16 -mfloat-abi=hard -mthumb -o "Core/Src/syscalls.o"
arm-none-eabi-gcc "../Core/Src/sysmem.c" -mcpu=cortex-m7 -std=gnu11 -g3 -DDEBUG -DUSE_HAL_DRIVER -DSTM32H723xx -c -I../Core/Inc -I../Drivers/STM32H7xx_HAL_Driver/Inc -I../Drivers/STM32H7xx_HAL_Driver/Inc/Legacy -I../Drivers/CMSIS/Device/ST/STM32H7xx/Include -I../Drivers/CMSIS/Include -O0 -ffunction-sections -fdata-sections -Wall -fstack-usage -MMD -MP -MF"Core/Src/sysmem.d" -MT"Core/Src/sysmem.o" --specs=nano.specs -mfpu=fpv5-d16 -mfloat-abi=hard -mthumb -o "Core/Src/sysmem.o"
arm-none-eabi-gcc "../Core/Src/system_stm32h7xx.c" -mcpu=cortex-m7 -std=gnu11 -g3 -DDEBUG -DUSE_HAL_DRIVER -DSTM32H723xx -c -I../Core/Inc -I../Drivers/STM32H7xx_HAL_Driver/Inc -I../Drivers/STM32H7xx_HAL_Driver/Inc/Legacy -I../Drivers/CMSIS/Device/ST/STM32H7xx/Include -I../Drivers/CMSIS/Include -O0 -ffunction-sections -fdata-sections -Wall -fstack-usage -MMD -MP -MF"Core/Src/system_stm32h7xx.d" -MT"Core/Src/system_stm32h7xx.o" --specs=nano.specs -mfpu=fpv5-d16 -mfloat-abi=hard -mthumb -o "Core/Src/system_stm32h7xx.o"
../Core/Src/main.c: In function '_write':
../Core/Src/main.c:74:4: warning: implicit declaration of function 'memcpy' [-Wimplicit-function-declaration]
   74 |    memcpy(UART_TX_BUFFER, data, len);
      |    ^~~~~~
../Core/Src/main.c:74:4: warning: incompatible implicit declaration of built-in function 'memcpy'
../Core/Src/main.c:21:1: note: include '<string.h>' or provide a declaration of 'memcpy'
   20 | #include "main.h"
  +++ |+#include <string.h>
   21 | 
../Core/Src/main.c: In function 'main':
../Core/Src/main.c:124:3: warning: implicit declaration of function 'printf' [-Wimplicit-function-declaration]
  124 |   printf("Bootloader is running...");
      |   ^~~~~~
../Core/Src/main.c:124:3: warning: incompatible implicit declaration of built-in function 'printf'
../Core/Src/main.c:21:1: note: include '<stdio.h>' or provide a declaration of 'printf'
   20 | #include "main.h"
  +++ |+#include <stdio.h>
   21 | 
arm-none-eabi-gcc -o "BOOTLOADER.elf" @"objects.list"   -mcpu=cortex-m7 -T"/Users/kaanari/PlanS/BOOTLOADER/STM32H723ZGTX_FLASH.ld" --specs=nosys.specs -Wl,-Map="BOOTLOADER.map" -Wl,--gc-sections -static --specs=nano.specs -mfpu=fpv5-d16 -mfloat-abi=hard -mthumb -Wl,--start-group -lc -lm -Wl,--end-group
Finished building target: BOOTLOADER.elf
 
arm-none-eabi-size   BOOTLOADER.elf 
arm-none-eabi-objdump -h -S  BOOTLOADER.elf  > "BOOTLOADER.list"
   text	   data	    bss	    dec	    hex	filename
  34868	    124	   1964	  36956	   905c	BOOTLOADER.elf
Finished building: default.size.stdout
 
Finished building: BOOTLOADER.list
 
20:10:19 **** Incremental Build of configuration Debug for project BOOTLOADER ****
make -j11 all 
arm-none-eabi-size   BOOTLOADER.elf 
   text	   data	    bss	    dec	    hex	filename
  34868	    124	   1964	  36956	   905c	BOOTLOADER.elf
Finished building: default.size.stdout
 
20:11:01 **** Incremental Build of configuration Debug for project BOOTLOADER ****
make -j11 all 
arm-none-eabi-size   BOOTLOADER.elf 
   text	   data	    bss	    dec	    hex	filename
  34868	    124	   1964	  36956	   905c	BOOTLOADER.elf
Finished building: default.size.stdout
 
20:19:27 **** Incremental Build of configuration Debug for project BOOTLOADER ****
make -j11 all 
arm-none-eabi-gcc "../Core/Src/main.c" -mcpu=cortex-m7 -std=gnu11 -g3 -DDEBUG -DUSE_HAL_DRIVER -DSTM32H723xx -c -I../Core/Inc -I../Drivers/STM32H7xx_HAL_Driver/Inc -I../Drivers/STM32H7xx_HAL_Driver/Inc/Legacy -I../Drivers/CMSIS/Device/ST/STM32H7xx/Include -I../Drivers/CMSIS/Include -O0 -ffunction-sections -fdata-sections -Wall -fstack-usage -MMD -MP -MF"Core/Src/main.d" -MT"Core/Src/main.o" --specs=nano.specs -mfpu=fpv5-d16 -mfloat-abi=hard -mthumb -o "Core/Src/main.o"
../Core/Src/main.c: In function '_write':
../Core/Src/main.c:74:4: warning: implicit declaration of function 'memcpy' [-Wimplicit-function-declaration]
   74 |    memcpy(UART_TX_BUFFER, data, len);
      |    ^~~~~~
../Core/Src/main.c:74:4: warning: incompatible implicit declaration of built-in function 'memcpy'
../Core/Src/main.c:21:1: note: include '<string.h>' or provide a declaration of 'memcpy'
   20 | #include "main.h"
  +++ |+#include <string.h>
   21 | 
../Core/Src/main.c: In function 'main':
../Core/Src/main.c:124:3: warning: implicit declaration of function 'printf' [-Wimplicit-function-declaration]
  124 |   printf("Bootloader is running...");
      |   ^~~~~~
../Core/Src/main.c:124:3: warning: incompatible implicit declaration of built-in function 'printf'
../Core/Src/main.c:21:1: note: include '<stdio.h>' or provide a declaration of 'printf'
   20 | #include "main.h"
  +++ |+#include <stdio.h>
   21 | 
arm-none-eabi-gcc -o "BOOTLOADER.elf" @"objects.list"   -mcpu=cortex-m7 -T"/Users/kaanari/PlanS/BOOTLOADER/STM32H723ZGTX_FLASH.ld" --specs=nosys.specs -Wl,-Map="BOOTLOADER.map" -Wl,--gc-sections -static --specs=nano.specs -mfpu=fpv5-d16 -mfloat-abi=hard -mthumb -Wl,--start-group -lc -lm -Wl,--end-group
Finished building target: BOOTLOADER.elf
 
arm-none-eabi-size   BOOTLOADER.elf 
arm-none-eabi-objdump -h -S  BOOTLOADER.elf  > "BOOTLOADER.list"
   text	   data	    bss	    dec	    hex	filename
  34868	    124	   1964	  36956	   905c	BOOTLOADER.elf
Finished building: default.size.stdout
 
Finished building: BOOTLOADER.list
 
20:21:12 **** Incremental Build of configuration Debug for project BOOTLOADER ****
make -j11 all 
arm-none-eabi-gcc "../Core/Src/main.c" -mcpu=cortex-m7 -std=gnu11 -g3 -DDEBUG -DUSE_HAL_DRIVER -DSTM32H723xx -c -I../Core/Inc -I../Drivers/STM32H7xx_HAL_Driver/Inc -I../Drivers/STM32H7xx_HAL_Driver/Inc/Legacy -I../Drivers/CMSIS/Device/ST/STM32H7xx/Include -I../Drivers/CMSIS/Include -O0 -ffunction-sections -fdata-sections -Wall -fstack-usage -MMD -MP -MF"Core/Src/main.d" -MT"Core/Src/main.o" --specs=nano.specs -mfpu=fpv5-d16 -mfloat-abi=hard -mthumb -o "Core/Src/main.o"
../Core/Src/main.c: In function '_write':
../Core/Src/main.c:75:4: warning: implicit declaration of function 'memcpy' [-Wimplicit-function-declaration]
   75 |    memcpy(UART_TX_BUFFER, data, len);
      |    ^~~~~~
../Core/Src/main.c:75:4: warning: incompatible implicit declaration of built-in function 'memcpy'
../Core/Src/main.c:22:1: note: include '<string.h>' or provide a declaration of 'memcpy'
   21 | #include "stdio.h"
  +++ |+#include <string.h>
   22 | 
arm-none-eabi-gcc -o "BOOTLOADER.elf" @"objects.list"   -mcpu=cortex-m7 -T"/Users/kaanari/PlanS/BOOTLOADER/STM32H723ZGTX_FLASH.ld" --specs=nosys.specs -Wl,-Map="BOOTLOADER.map" -Wl,--gc-sections -static --specs=nano.specs -mfpu=fpv5-d16 -mfloat-abi=hard -mthumb -Wl,--start-group -lc -lm -Wl,--end-group
Finished building target: BOOTLOADER.elf
 
arm-none-eabi-size   BOOTLOADER.elf 
arm-none-eabi-objdump -h -S  BOOTLOADER.elf  > "BOOTLOADER.list"
   text	   data	    bss	    dec	    hex	filename
  34868	    124	   1964	  36956	   905c	BOOTLOADER.elf
Finished building: default.size.stdout
 
Finished building: BOOTLOADER.list
 
20:26:16 **** Incremental Build of configuration Debug for project BOOTLOADER ****
make -j11 all 
arm-none-eabi-gcc "../Core/Src/main.c" -mcpu=cortex-m7 -std=gnu11 -g3 -DDEBUG -DUSE_HAL_DRIVER -DSTM32H723xx -c -I../Core/Inc -I../Drivers/STM32H7xx_HAL_Driver/Inc -I../Drivers/STM32H7xx_HAL_Driver/Inc/Legacy -I../Drivers/CMSIS/Device/ST/STM32H7xx/Include -I../Drivers/CMSIS/Include -O0 -ffunction-sections -fdata-sections -Wall -fstack-usage -MMD -MP -MF"Core/Src/main.d" -MT"Core/Src/main.o" --specs=nano.specs -mfpu=fpv5-d16 -mfloat-abi=hard -mthumb -o "Core/Src/main.o"
arm-none-eabi-gcc -o "BOOTLOADER.elf" @"objects.list"   -mcpu=cortex-m7 -T"/Users/kaanari/PlanS/BOOTLOADER/STM32H723ZGTX_FLASH.ld" --specs=nosys.specs -Wl,-Map="BOOTLOADER.map" -Wl,--gc-sections -static --specs=nano.specs -mfpu=fpv5-d16 -mfloat-abi=hard -mthumb -Wl,--start-group -lc -lm -Wl,--end-group
Finished building target: BOOTLOADER.elf
 
arm-none-eabi-size   BOOTLOADER.elf 
arm-none-eabi-objdump -h -S  BOOTLOADER.elf  > "BOOTLOADER.list"
   text	   data	    bss	    dec	    hex	filename
  31956	    124	   1892	  33972	   84b4	BOOTLOADER.elf
Finished building: default.size.stdout
 
Finished building: BOOTLOADER.list
 
20:28:21 **** Incremental Build of configuration Debug for project BOOTLOADER ****
make -j11 all 
arm-none-eabi-gcc "../Core/Src/main.c" -mcpu=cortex-m7 -std=gnu11 -g3 -DDEBUG -DUSE_HAL_DRIVER -DSTM32H723xx -c -I../Core/Inc -I../Drivers/STM32H7xx_HAL_Driver/Inc -I../Drivers/STM32H7xx_HAL_Driver/Inc/Legacy -I../Drivers/CMSIS/Device/ST/STM32H7xx/Include -I../Drivers/CMSIS/Include -O0 -ffunction-sections -fdata-sections -Wall -fstack-usage -MMD -MP -MF"Core/Src/main.d" -MT"Core/Src/main.o" --specs=nano.specs -mfpu=fpv5-d16 -mfloat-abi=hard -mthumb -o "Core/Src/main.o"
arm-none-eabi-gcc -o "BOOTLOADER.elf" @"objects.list"   -mcpu=cortex-m7 -T"/Users/kaanari/PlanS/BOOTLOADER/STM32H723ZGTX_FLASH.ld" --specs=nosys.specs -Wl,-Map="BOOTLOADER.map" -Wl,--gc-sections -static --specs=nano.specs -mfpu=fpv5-d16 -mfloat-abi=hard -mthumb -Wl,--start-group -lc -lm -Wl,--end-group
Finished building target: BOOTLOADER.elf
 
arm-none-eabi-size   BOOTLOADER.elf 
arm-none-eabi-objdump -h -S  BOOTLOADER.elf  > "BOOTLOADER.list"
   text	   data	    bss	    dec	    hex	filename
  30252	    124	   1892	  32268	   7e0c	BOOTLOADER.elf
Finished building: default.size.stdout
 
Finished building: BOOTLOADER.list
 
20:29:55 **** Incremental Build of configuration Debug for project BOOTLOADER ****
make -j11 all 
arm-none-eabi-gcc "../Core/Src/main.c" -mcpu=cortex-m7 -std=gnu11 -g3 -DDEBUG -DUSE_HAL_DRIVER -DSTM32H723xx -c -I../Core/Inc -I../Drivers/STM32H7xx_HAL_Driver/Inc -I../Drivers/STM32H7xx_HAL_Driver/Inc/Legacy -I../Drivers/CMSIS/Device/ST/STM32H7xx/Include -I../Drivers/CMSIS/Include -O0 -ffunction-sections -fdata-sections -Wall -fstack-usage -MMD -MP -MF"Core/Src/main.d" -MT"Core/Src/main.o" --specs=nano.specs -mfpu=fpv5-d16 -mfloat-abi=hard -mthumb -o "Core/Src/main.o"
../Core/Src/main.c: In function '_write':
../Core/Src/main.c:75:4: warning: implicit declaration of function 'memcpy' [-Wimplicit-function-declaration]
   75 |    memcpy(UART_TX_BUFFER, data, len);
      |    ^~~~~~
../Core/Src/main.c:75:4: warning: incompatible implicit declaration of built-in function 'memcpy'
../Core/Src/main.c:22:1: note: include '<string.h>' or provide a declaration of 'memcpy'
   21 | #include "stdio.h"
  +++ |+#include <string.h>
   22 | 
arm-none-eabi-gcc -o "BOOTLOADER.elf" @"objects.list"   -mcpu=cortex-m7 -T"/Users/kaanari/PlanS/BOOTLOADER/STM32H723ZGTX_FLASH.ld" --specs=nosys.specs -Wl,-Map="BOOTLOADER.map" -Wl,--gc-sections -static --specs=nano.specs -mfpu=fpv5-d16 -mfloat-abi=hard -mthumb -Wl,--start-group -lc -lm -Wl,--end-group
Finished building target: BOOTLOADER.elf
 
arm-none-eabi-size   BOOTLOADER.elf 
arm-none-eabi-objdump -h -S  BOOTLOADER.elf  > "BOOTLOADER.list"
   text	   data	    bss	    dec	    hex	filename
  33160	    124	   1964	  35248	   89b0	BOOTLOADER.elf
Finished building: default.size.stdout
 
Finished building: BOOTLOADER.list
 
20:32:23 **** Incremental Build of configuration Debug for project BOOTLOADER ****
make -j11 all 
arm-none-eabi-size   BOOTLOADER.elf 
   text	   data	    bss	    dec	    hex	filename
  33160	    124	   1964	  35248	   89b0	BOOTLOADER.elf
Finished building: default.size.stdout
 
20:33:44 **** Incremental Build of configuration Debug for project BOOTLOADER ****
make -j11 all 
arm-none-eabi-gcc "../Core/Src/main.c" -mcpu=cortex-m7 -std=gnu11 -g3 -DDEBUG -DUSE_HAL_DRIVER -DSTM32H723xx -c -I../Core/Inc -I../Drivers/STM32H7xx_HAL_Driver/Inc -I../Drivers/STM32H7xx_HAL_Driver/Inc/Legacy -I../Drivers/CMSIS/Device/ST/STM32H7xx/Include -I../Drivers/CMSIS/Include -O0 -ffunction-sections -fdata-sections -Wall -fstack-usage -MMD -MP -MF"Core/Src/main.d" -MT"Core/Src/main.o" --specs=nano.specs -mfpu=fpv5-d16 -mfloat-abi=hard -mthumb -o "Core/Src/main.o"
../Core/Src/main.c: In function '_write':
../Core/Src/main.c:75:4: warning: implicit declaration of function 'memcpy' [-Wimplicit-function-declaration]
   75 |    memcpy(UART_TX_BUFFER, data, len);
      |    ^~~~~~
../Core/Src/main.c:75:4: warning: incompatible implicit declaration of built-in function 'memcpy'
../Core/Src/main.c:22:1: note: include '<string.h>' or provide a declaration of 'memcpy'
   21 | #include "stdio.h"
  +++ |+#include <string.h>
   22 | 
arm-none-eabi-gcc -o "BOOTLOADER.elf" @"objects.list"   -mcpu=cortex-m7 -T"/Users/kaanari/PlanS/BOOTLOADER/STM32H723ZGTX_FLASH.ld" --specs=nosys.specs -Wl,-Map="BOOTLOADER.map" -Wl,--gc-sections -static --specs=nano.specs -mfpu=fpv5-d16 -mfloat-abi=hard -mthumb -Wl,--start-group -lc -lm -Wl,--end-group
Finished building target: BOOTLOADER.elf
 
arm-none-eabi-size   BOOTLOADER.elf 
arm-none-eabi-objdump -h -S  BOOTLOADER.elf  > "BOOTLOADER.list"
   text	   data	    bss	    dec	    hex	filename
  33160	    128	   1960	  35248	   89b0	BOOTLOADER.elf
Finished building: default.size.stdout
 
Finished building: BOOTLOADER.list
 
20:35:15 **** Incremental Build of configuration Debug for project BOOTLOADER ****
make -j11 all 
arm-none-eabi-gcc "../Core/Src/main.c" -mcpu=cortex-m7 -std=gnu11 -g3 -DDEBUG -DUSE_HAL_DRIVER -DSTM32H723xx -c -I../Core/Inc -I../Drivers/STM32H7xx_HAL_Driver/Inc -I../Drivers/STM32H7xx_HAL_Driver/Inc/Legacy -I../Drivers/CMSIS/Device/ST/STM32H7xx/Include -I../Drivers/CMSIS/Include -O0 -ffunction-sections -fdata-sections -Wall -fstack-usage -MMD -MP -MF"Core/Src/main.d" -MT"Core/Src/main.o" --specs=nano.specs -mfpu=fpv5-d16 -mfloat-abi=hard -mthumb -o "Core/Src/main.o"
arm-none-eabi-gcc -o "BOOTLOADER.elf" @"objects.list"   -mcpu=cortex-m7 -T"/Users/kaanari/PlanS/BOOTLOADER/STM32H723ZGTX_FLASH.ld" --specs=nosys.specs -Wl,-Map="BOOTLOADER.map" -Wl,--gc-sections -static --specs=nano.specs -mfpu=fpv5-d16 -mfloat-abi=hard -mthumb -Wl,--start-group -lc -lm -Wl,--end-group
Finished building target: BOOTLOADER.elf
 
arm-none-eabi-size   BOOTLOADER.elf 
arm-none-eabi-objdump -h -S  BOOTLOADER.elf  > "BOOTLOADER.list"
   text	   data	    bss	    dec	    hex	filename
  33160	    128	   1960	  35248	   89b0	BOOTLOADER.elf
Finished building: default.size.stdout
 
Finished building: BOOTLOADER.list
 
20:36:30 **** Incremental Build of configuration Debug for project BOOTLOADER ****
make -j11 all 
arm-none-eabi-gcc "../Core/Src/main.c" -mcpu=cortex-m7 -std=gnu11 -g3 -DDEBUG -DUSE_HAL_DRIVER -DSTM32H723xx -c -I../Core/Inc -I../Drivers/STM32H7xx_HAL_Driver/Inc -I../Drivers/STM32H7xx_HAL_Driver/Inc/Legacy -I../Drivers/CMSIS/Device/ST/STM32H7xx/Include -I../Drivers/CMSIS/Include -O0 -ffunction-sections -fdata-sections -Wall -fstack-usage -MMD -MP -MF"Core/Src/main.d" -MT"Core/Src/main.o" --specs=nano.specs -mfpu=fpv5-d16 -mfloat-abi=hard -mthumb -o "Core/Src/main.o"
arm-none-eabi-gcc -o "BOOTLOADER.elf" @"objects.list"   -mcpu=cortex-m7 -T"/Users/kaanari/PlanS/BOOTLOADER/STM32H723ZGTX_FLASH.ld" --specs=nosys.specs -Wl,-Map="BOOTLOADER.map" -Wl,--gc-sections -static --specs=nano.specs -mfpu=fpv5-d16 -mfloat-abi=hard -mthumb -Wl,--start-group -lc -lm -Wl,--end-group
Finished building target: BOOTLOADER.elf
 
arm-none-eabi-size   BOOTLOADER.elf 
arm-none-eabi-objdump -h -S  BOOTLOADER.elf  > "BOOTLOADER.list"
   text	   data	    bss	    dec	    hex	filename
  33160	    128	   1960	  35248	   89b0	BOOTLOADER.elf
Finished building: default.size.stdout
 
Finished building: BOOTLOADER.list
 
20:42:21 **** Incremental Build of configuration Debug for project BOOTLOADER ****
make -j11 all 
arm-none-eabi-gcc "../Drivers/STM32H7xx_HAL_Driver/Src/stm32h7xx_hal.c" -mcpu=cortex-m7 -std=gnu11 -g3 -DDEBUG -DUSE_HAL_DRIVER -DSTM32H723xx -c -I../Core/Inc -I../Drivers/STM32H7xx_HAL_Driver/Inc -I../Drivers/STM32H7xx_HAL_Driver/Inc/Legacy -I../Drivers/CMSIS/Device/ST/STM32H7xx/Include -I../Drivers/CMSIS/Include -O0 -ffunction-sections -fdata-sections -Wall -fstack-usage -MMD -MP -MF"Drivers/STM32H7xx_HAL_Driver/Src/stm32h7xx_hal.d" -MT"Drivers/STM32H7xx_HAL_Driver/Src/stm32h7xx_hal.o" --specs=nano.specs -mfpu=fpv5-d16 -mfloat-abi=hard -mthumb -o "Drivers/STM32H7xx_HAL_Driver/Src/stm32h7xx_hal.o"
arm-none-eabi-gcc "../Drivers/STM32H7xx_HAL_Driver/Src/stm32h7xx_hal_cortex.c" -mcpu=cortex-m7 -std=gnu11 -g3 -DDEBUG -DUSE_HAL_DRIVER -DSTM32H723xx -c -I../Core/Inc -I../Drivers/STM32H7xx_HAL_Driver/Inc -I../Drivers/STM32H7xx_HAL_Driver/Inc/Legacy -I../Drivers/CMSIS/Device/ST/STM32H7xx/Include -I../Drivers/CMSIS/Include -O0 -ffunction-sections -fdata-sections -Wall -fstack-usage -MMD -MP -MF"Drivers/STM32H7xx_HAL_Driver/Src/stm32h7xx_hal_cortex.d" -MT"Drivers/STM32H7xx_HAL_Driver/Src/stm32h7xx_hal_cortex.o" --specs=nano.specs -mfpu=fpv5-d16 -mfloat-abi=hard -mthumb -o "Drivers/STM32H7xx_HAL_Driver/Src/stm32h7xx_hal_cortex.o"
arm-none-eabi-gcc "../Drivers/STM32H7xx_HAL_Driver/Src/stm32h7xx_hal_crc.c" -mcpu=cortex-m7 -std=gnu11 -g3 -DDEBUG -DUSE_HAL_DRIVER -DSTM32H723xx -c -I../Core/Inc -I../Drivers/STM32H7xx_HAL_Driver/Inc -I../Drivers/STM32H7xx_HAL_Driver/Inc/Legacy -I../Drivers/CMSIS/Device/ST/STM32H7xx/Include -I../Drivers/CMSIS/Include -O0 -ffunction-sections -fdata-sections -Wall -fstack-usage -MMD -MP -MF"Drivers/STM32H7xx_HAL_Driver/Src/stm32h7xx_hal_crc.d" -MT"Drivers/STM32H7xx_HAL_Driver/Src/stm32h7xx_hal_crc.o" --specs=nano.specs -mfpu=fpv5-d16 -mfloat-abi=hard -mthumb -o "Drivers/STM32H7xx_HAL_Driver/Src/stm32h7xx_hal_crc.o"
arm-none-eabi-gcc "../Drivers/STM32H7xx_HAL_Driver/Src/stm32h7xx_hal_crc_ex.c" -mcpu=cortex-m7 -std=gnu11 -g3 -DDEBUG -DUSE_HAL_DRIVER -DSTM32H723xx -c -I../Core/Inc -I../Drivers/STM32H7xx_HAL_Driver/Inc -I../Drivers/STM32H7xx_HAL_Driver/Inc/Legacy -I../Drivers/CMSIS/Device/ST/STM32H7xx/Include -I../Drivers/CMSIS/Include -O0 -ffunction-sections -fdata-sections -Wall -fstack-usage -MMD -MP -MF"Drivers/STM32H7xx_HAL_Driver/Src/stm32h7xx_hal_crc_ex.d" -MT"Drivers/STM32H7xx_HAL_Driver/Src/stm32h7xx_hal_crc_ex.o" --specs=nano.specs -mfpu=fpv5-d16 -mfloat-abi=hard -mthumb -o "Drivers/STM32H7xx_HAL_Driver/Src/stm32h7xx_hal_crc_ex.o"
arm-none-eabi-gcc "../Drivers/STM32H7xx_HAL_Driver/Src/stm32h7xx_hal_dma.c" -mcpu=cortex-m7 -std=gnu11 -g3 -DDEBUG -DUSE_HAL_DRIVER -DSTM32H723xx -c -I../Core/Inc -I../Drivers/STM32H7xx_HAL_Driver/Inc -I../Drivers/STM32H7xx_HAL_Driver/Inc/Legacy -I../Drivers/CMSIS/Device/ST/STM32H7xx/Include -I../Drivers/CMSIS/Include -O0 -ffunction-sections -fdata-sections -Wall -fstack-usage -MMD -MP -MF"Drivers/STM32H7xx_HAL_Driver/Src/stm32h7xx_hal_dma.d" -MT"Drivers/STM32H7xx_HAL_Driver/Src/stm32h7xx_hal_dma.o" --specs=nano.specs -mfpu=fpv5-d16 -mfloat-abi=hard -mthumb -o "Drivers/STM32H7xx_HAL_Driver/Src/stm32h7xx_hal_dma.o"
arm-none-eabi-gcc "../Drivers/STM32H7xx_HAL_Driver/Src/stm32h7xx_hal_dma_ex.c" -mcpu=cortex-m7 -std=gnu11 -g3 -DDEBUG -DUSE_HAL_DRIVER -DSTM32H723xx -c -I../Core/Inc -I../Drivers/STM32H7xx_HAL_Driver/Inc -I../Drivers/STM32H7xx_HAL_Driver/Inc/Legacy -I../Drivers/CMSIS/Device/ST/STM32H7xx/Include -I../Drivers/CMSIS/Include -O0 -ffunction-sections -fdata-sections -Wall -fstack-usage -MMD -MP -MF"Drivers/STM32H7xx_HAL_Driver/Src/stm32h7xx_hal_dma_ex.d" -MT"Drivers/STM32H7xx_HAL_Driver/Src/stm32h7xx_hal_dma_ex.o" --specs=nano.specs -mfpu=fpv5-d16 -mfloat-abi=hard -mthumb -o "Drivers/STM32H7xx_HAL_Driver/Src/stm32h7xx_hal_dma_ex.o"
arm-none-eabi-gcc "../Drivers/STM32H7xx_HAL_Driver/Src/stm32h7xx_hal_exti.c" -mcpu=cortex-m7 -std=gnu11 -g3 -DDEBUG -DUSE_HAL_DRIVER -DSTM32H723xx -c -I../Core/Inc -I../Drivers/STM32H7xx_HAL_Driver/Inc -I../Drivers/STM32H7xx_HAL_Driver/Inc/Legacy -I../Drivers/CMSIS/Device/ST/STM32H7xx/Include -I../Drivers/CMSIS/Include -O0 -ffunction-sections -fdata-sections -Wall -fstack-usage -MMD -MP -MF"Drivers/STM32H7xx_HAL_Driver/Src/stm32h7xx_hal_exti.d" -MT"Drivers/STM32H7xx_HAL_Driver/Src/stm32h7xx_hal_exti.o" --specs=nano.specs -mfpu=fpv5-d16 -mfloat-abi=hard -mthumb -o "Drivers/STM32H7xx_HAL_Driver/Src/stm32h7xx_hal_exti.o"
arm-none-eabi-gcc "../Drivers/STM32H7xx_HAL_Driver/Src/stm32h7xx_hal_flash.c" -mcpu=cortex-m7 -std=gnu11 -g3 -DDEBUG -DUSE_HAL_DRIVER -DSTM32H723xx -c -I../Core/Inc -I../Drivers/STM32H7xx_HAL_Driver/Inc -I../Drivers/STM32H7xx_HAL_Driver/Inc/Legacy -I../Drivers/CMSIS/Device/ST/STM32H7xx/Include -I../Drivers/CMSIS/Include -O0 -ffunction-sections -fdata-sections -Wall -fstack-usage -MMD -MP -MF"Drivers/STM32H7xx_HAL_Driver/Src/stm32h7xx_hal_flash.d" -MT"Drivers/STM32H7xx_HAL_Driver/Src/stm32h7xx_hal_flash.o" --specs=nano.specs -mfpu=fpv5-d16 -mfloat-abi=hard -mthumb -o "Drivers/STM32H7xx_HAL_Driver/Src/stm32h7xx_hal_flash.o"
arm-none-eabi-gcc "../Drivers/STM32H7xx_HAL_Driver/Src/stm32h7xx_hal_flash_ex.c" -mcpu=cortex-m7 -std=gnu11 -g3 -DDEBUG -DUSE_HAL_DRIVER -DSTM32H723xx -c -I../Core/Inc -I../Drivers/STM32H7xx_HAL_Driver/Inc -I../Drivers/STM32H7xx_HAL_Driver/Inc/Legacy -I../Drivers/CMSIS/Device/ST/STM32H7xx/Include -I../Drivers/CMSIS/Include -O0 -ffunction-sections -fdata-sections -Wall -fstack-usage -MMD -MP -MF"Drivers/STM32H7xx_HAL_Driver/Src/stm32h7xx_hal_flash_ex.d" -MT"Drivers/STM32H7xx_HAL_Driver/Src/stm32h7xx_hal_flash_ex.o" --specs=nano.specs -mfpu=fpv5-d16 -mfloat-abi=hard -mthumb -o "Drivers/STM32H7xx_HAL_Driver/Src/stm32h7xx_hal_flash_ex.o"
arm-none-eabi-gcc "../Drivers/STM32H7xx_HAL_Driver/Src/stm32h7xx_hal_gpio.c" -mcpu=cortex-m7 -std=gnu11 -g3 -DDEBUG -DUSE_HAL_DRIVER -DSTM32H723xx -c -I../Core/Inc -I../Drivers/STM32H7xx_HAL_Driver/Inc -I../Drivers/STM32H7xx_HAL_Driver/Inc/Legacy -I../Drivers/CMSIS/Device/ST/STM32H7xx/Include -I../Drivers/CMSIS/Include -O0 -ffunction-sections -fdata-sections -Wall -fstack-usage -MMD -MP -MF"Drivers/STM32H7xx_HAL_Driver/Src/stm32h7xx_hal_gpio.d" -MT"Drivers/STM32H7xx_HAL_Driver/Src/stm32h7xx_hal_gpio.o" --specs=nano.specs -mfpu=fpv5-d16 -mfloat-abi=hard -mthumb -o "Drivers/STM32H7xx_HAL_Driver/Src/stm32h7xx_hal_gpio.o"
arm-none-eabi-gcc "../Drivers/STM32H7xx_HAL_Driver/Src/stm32h7xx_hal_hsem.c" -mcpu=cortex-m7 -std=gnu11 -g3 -DDEBUG -DUSE_HAL_DRIVER -DSTM32H723xx -c -I../Core/Inc -I../Drivers/STM32H7xx_HAL_Driver/Inc -I../Drivers/STM32H7xx_HAL_Driver/Inc/Legacy -I../Drivers/CMSIS/Device/ST/STM32H7xx/Include -I../Drivers/CMSIS/Include -O0 -ffunction-sections -fdata-sections -Wall -fstack-usage -MMD -MP -MF"Drivers/STM32H7xx_HAL_Driver/Src/stm32h7xx_hal_hsem.d" -MT"Drivers/STM32H7xx_HAL_Driver/Src/stm32h7xx_hal_hsem.o" --specs=nano.specs -mfpu=fpv5-d16 -mfloat-abi=hard -mthumb -o "Drivers/STM32H7xx_HAL_Driver/Src/stm32h7xx_hal_hsem.o"
arm-none-eabi-gcc "../Drivers/STM32H7xx_HAL_Driver/Src/stm32h7xx_hal_i2c.c" -mcpu=cortex-m7 -std=gnu11 -g3 -DDEBUG -DUSE_HAL_DRIVER -DSTM32H723xx -c -I../Core/Inc -I../Drivers/STM32H7xx_HAL_Driver/Inc -I../Drivers/STM32H7xx_HAL_Driver/Inc/Legacy -I../Drivers/CMSIS/Device/ST/STM32H7xx/Include -I../Drivers/CMSIS/Include -O0 -ffunction-sections -fdata-sections -Wall -fstack-usage -MMD -MP -MF"Drivers/STM32H7xx_HAL_Driver/Src/stm32h7xx_hal_i2c.d" -MT"Drivers/STM32H7xx_HAL_Driver/Src/stm32h7xx_hal_i2c.o" --specs=nano.specs -mfpu=fpv5-d16 -mfloat-abi=hard -mthumb -o "Drivers/STM32H7xx_HAL_Driver/Src/stm32h7xx_hal_i2c.o"
arm-none-eabi-gcc "../Drivers/STM32H7xx_HAL_Driver/Src/stm32h7xx_hal_i2c_ex.c" -mcpu=cortex-m7 -std=gnu11 -g3 -DDEBUG -DUSE_HAL_DRIVER -DSTM32H723xx -c -I../Core/Inc -I../Drivers/STM32H7xx_HAL_Driver/Inc -I../Drivers/STM32H7xx_HAL_Driver/Inc/Legacy -I../Drivers/CMSIS/Device/ST/STM32H7xx/Include -I../Drivers/CMSIS/Include -O0 -ffunction-sections -fdata-sections -Wall -fstack-usage -MMD -MP -MF"Drivers/STM32H7xx_HAL_Driver/Src/stm32h7xx_hal_i2c_ex.d" -MT"Drivers/STM32H7xx_HAL_Driver/Src/stm32h7xx_hal_i2c_ex.o" --specs=nano.specs -mfpu=fpv5-d16 -mfloat-abi=hard -mthumb -o "Drivers/STM32H7xx_HAL_Driver/Src/stm32h7xx_hal_i2c_ex.o"
arm-none-eabi-gcc "../Drivers/STM32H7xx_HAL_Driver/Src/stm32h7xx_hal_mdma.c" -mcpu=cortex-m7 -std=gnu11 -g3 -DDEBUG -DUSE_HAL_DRIVER -DSTM32H723xx -c -I../Core/Inc -I../Drivers/STM32H7xx_HAL_Driver/Inc -I../Drivers/STM32H7xx_HAL_Driver/Inc/Legacy -I../Drivers/CMSIS/Device/ST/STM32H7xx/Include -I../Drivers/CMSIS/Include -O0 -ffunction-sections -fdata-sections -Wall -fstack-usage -MMD -MP -MF"Drivers/STM32H7xx_HAL_Driver/Src/stm32h7xx_hal_mdma.d" -MT"Drivers/STM32H7xx_HAL_Driver/Src/stm32h7xx_hal_mdma.o" --specs=nano.specs -mfpu=fpv5-d16 -mfloat-abi=hard -mthumb -o "Drivers/STM32H7xx_HAL_Driver/Src/stm32h7xx_hal_mdma.o"
arm-none-eabi-gcc "../Drivers/STM32H7xx_HAL_Driver/Src/stm32h7xx_hal_pwr.c" -mcpu=cortex-m7 -std=gnu11 -g3 -DDEBUG -DUSE_HAL_DRIVER -DSTM32H723xx -c -I../Core/Inc -I../Drivers/STM32H7xx_HAL_Driver/Inc -I../Drivers/STM32H7xx_HAL_Driver/Inc/Legacy -I../Drivers/CMSIS/Device/ST/STM32H7xx/Include -I../Drivers/CMSIS/Include -O0 -ffunction-sections -fdata-sections -Wall -fstack-usage -MMD -MP -MF"Drivers/STM32H7xx_HAL_Driver/Src/stm32h7xx_hal_pwr.d" -MT"Drivers/STM32H7xx_HAL_Driver/Src/stm32h7xx_hal_pwr.o" --specs=nano.specs -mfpu=fpv5-d16 -mfloat-abi=hard -mthumb -o "Drivers/STM32H7xx_HAL_Driver/Src/stm32h7xx_hal_pwr.o"
arm-none-eabi-gcc "../Drivers/STM32H7xx_HAL_Driver/Src/stm32h7xx_hal_pwr_ex.c" -mcpu=cortex-m7 -std=gnu11 -g3 -DDEBUG -DUSE_HAL_DRIVER -DSTM32H723xx -c -I../Core/Inc -I../Drivers/STM32H7xx_HAL_Driver/Inc -I../Drivers/STM32H7xx_HAL_Driver/Inc/Legacy -I../Drivers/CMSIS/Device/ST/STM32H7xx/Include -I../Drivers/CMSIS/Include -O0 -ffunction-sections -fdata-sections -Wall -fstack-usage -MMD -MP -MF"Drivers/STM32H7xx_HAL_Driver/Src/stm32h7xx_hal_pwr_ex.d" -MT"Drivers/STM32H7xx_HAL_Driver/Src/stm32h7xx_hal_pwr_ex.o" --specs=nano.specs -mfpu=fpv5-d16 -mfloat-abi=hard -mthumb -o "Drivers/STM32H7xx_HAL_Driver/Src/stm32h7xx_hal_pwr_ex.o"
arm-none-eabi-gcc "../Drivers/STM32H7xx_HAL_Driver/Src/stm32h7xx_hal_rcc.c" -mcpu=cortex-m7 -std=gnu11 -g3 -DDEBUG -DUSE_HAL_DRIVER -DSTM32H723xx -c -I../Core/Inc -I../Drivers/STM32H7xx_HAL_Driver/Inc -I../Drivers/STM32H7xx_HAL_Driver/Inc/Legacy -I../Drivers/CMSIS/Device/ST/STM32H7xx/Include -I../Drivers/CMSIS/Include -O0 -ffunction-sections -fdata-sections -Wall -fstack-usage -MMD -MP -MF"Drivers/STM32H7xx_HAL_Driver/Src/stm32h7xx_hal_rcc.d" -MT"Drivers/STM32H7xx_HAL_Driver/Src/stm32h7xx_hal_rcc.o" --specs=nano.specs -mfpu=fpv5-d16 -mfloat-abi=hard -mthumb -o "Drivers/STM32H7xx_HAL_Driver/Src/stm32h7xx_hal_rcc.o"
arm-none-eabi-gcc "../Drivers/STM32H7xx_HAL_Driver/Src/stm32h7xx_hal_rcc_ex.c" -mcpu=cortex-m7 -std=gnu11 -g3 -DDEBUG -DUSE_HAL_DRIVER -DSTM32H723xx -c -I../Core/Inc -I../Drivers/STM32H7xx_HAL_Driver/Inc -I../Drivers/STM32H7xx_HAL_Driver/Inc/Legacy -I../Drivers/CMSIS/Device/ST/STM32H7xx/Include -I../Drivers/CMSIS/Include -O0 -ffunction-sections -fdata-sections -Wall -fstack-usage -MMD -MP -MF"Drivers/STM32H7xx_HAL_Driver/Src/stm32h7xx_hal_rcc_ex.d" -MT"Drivers/STM32H7xx_HAL_Driver/Src/stm32h7xx_hal_rcc_ex.o" --specs=nano.specs -mfpu=fpv5-d16 -mfloat-abi=hard -mthumb -o "Drivers/STM32H7xx_HAL_Driver/Src/stm32h7xx_hal_rcc_ex.o"
arm-none-eabi-gcc "../Drivers/STM32H7xx_HAL_Driver/Src/stm32h7xx_hal_tim.c" -mcpu=cortex-m7 -std=gnu11 -g3 -DDEBUG -DUSE_HAL_DRIVER -DSTM32H723xx -c -I../Core/Inc -I../Drivers/STM32H7xx_HAL_Driver/Inc -I../Drivers/STM32H7xx_HAL_Driver/Inc/Legacy -I../Drivers/CMSIS/Device/ST/STM32H7xx/Include -I../Drivers/CMSIS/Include -O0 -ffunction-sections -fdata-sections -Wall -fstack-usage -MMD -MP -MF"Drivers/STM32H7xx_HAL_Driver/Src/stm32h7xx_hal_tim.d" -MT"Drivers/STM32H7xx_HAL_Driver/Src/stm32h7xx_hal_tim.o" --specs=nano.specs -mfpu=fpv5-d16 -mfloat-abi=hard -mthumb -o "Drivers/STM32H7xx_HAL_Driver/Src/stm32h7xx_hal_tim.o"
arm-none-eabi-gcc "../Drivers/STM32H7xx_HAL_Driver/Src/stm32h7xx_hal_tim_ex.c" -mcpu=cortex-m7 -std=gnu11 -g3 -DDEBUG -DUSE_HAL_DRIVER -DSTM32H723xx -c -I../Core/Inc -I../Drivers/STM32H7xx_HAL_Driver/Inc -I../Drivers/STM32H7xx_HAL_Driver/Inc/Legacy -I../Drivers/CMSIS/Device/ST/STM32H7xx/Include -I../Drivers/CMSIS/Include -O0 -ffunction-sections -fdata-sections -Wall -fstack-usage -MMD -MP -MF"Drivers/STM32H7xx_HAL_Driver/Src/stm32h7xx_hal_tim_ex.d" -MT"Drivers/STM32H7xx_HAL_Driver/Src/stm32h7xx_hal_tim_ex.o" --specs=nano.specs -mfpu=fpv5-d16 -mfloat-abi=hard -mthumb -o "Drivers/STM32H7xx_HAL_Driver/Src/stm32h7xx_hal_tim_ex.o"
arm-none-eabi-gcc "../Drivers/STM32H7xx_HAL_Driver/Src/stm32h7xx_hal_uart.c" -mcpu=cortex-m7 -std=gnu11 -g3 -DDEBUG -DUSE_HAL_DRIVER -DSTM32H723xx -c -I../Core/Inc -I../Drivers/STM32H7xx_HAL_Driver/Inc -I../Drivers/STM32H7xx_HAL_Driver/Inc/Legacy -I../Drivers/CMSIS/Device/ST/STM32H7xx/Include -I../Drivers/CMSIS/Include -O0 -ffunction-sections -fdata-sections -Wall -fstack-usage -MMD -MP -MF"Drivers/STM32H7xx_HAL_Driver/Src/stm32h7xx_hal_uart.d" -MT"Drivers/STM32H7xx_HAL_Driver/Src/stm32h7xx_hal_uart.o" --specs=nano.specs -mfpu=fpv5-d16 -mfloat-abi=hard -mthumb -o "Drivers/STM32H7xx_HAL_Driver/Src/stm32h7xx_hal_uart.o"
arm-none-eabi-gcc "../Drivers/STM32H7xx_HAL_Driver/Src/stm32h7xx_hal_uart_ex.c" -mcpu=cortex-m7 -std=gnu11 -g3 -DDEBUG -DUSE_HAL_DRIVER -DSTM32H723xx -c -I../Core/Inc -I../Drivers/STM32H7xx_HAL_Driver/Inc -I../Drivers/STM32H7xx_HAL_Driver/Inc/Legacy -I../Drivers/CMSIS/Device/ST/STM32H7xx/Include -I../Drivers/CMSIS/Include -O0 -ffunction-sections -fdata-sections -Wall -fstack-usage -MMD -MP -MF"Drivers/STM32H7xx_HAL_Driver/Src/stm32h7xx_hal_uart_ex.d" -MT"Drivers/STM32H7xx_HAL_Driver/Src/stm32h7xx_hal_uart_ex.o" --specs=nano.specs -mfpu=fpv5-d16 -mfloat-abi=hard -mthumb -o "Drivers/STM32H7xx_HAL_Driver/Src/stm32h7xx_hal_uart_ex.o"
arm-none-eabi-gcc "../Core/Src/main.c" -mcpu=cortex-m7 -std=gnu11 -g3 -DDEBUG -DUSE_HAL_DRIVER -DSTM32H723xx -c -I../Core/Inc -I../Drivers/STM32H7xx_HAL_Driver/Inc -I../Drivers/STM32H7xx_HAL_Driver/Inc/Legacy -I../Drivers/CMSIS/Device/ST/STM32H7xx/Include -I../Drivers/CMSIS/Include -O0 -ffunction-sections -fdata-sections -Wall -fstack-usage -MMD -MP -MF"Core/Src/main.d" -MT"Core/Src/main.o" --specs=nano.specs -mfpu=fpv5-d16 -mfloat-abi=hard -mthumb -o "Core/Src/main.o"
../Core/Src/main.c: In function '_write':
../Core/Src/main.c:74:4: warning: implicit declaration of function 'memcpy' [-Wimplicit-function-declaration]
   74 |    memcpy(UART_TX_BUFFER, data, len);
      |    ^~~~~~
../Core/Src/main.c:74:4: warning: incompatible implicit declaration of built-in function 'memcpy'
../Core/Src/main.c:21:1: note: include '<string.h>' or provide a declaration of 'memcpy'
   20 | #include "main.h"
  +++ |+#include <string.h>
   21 | 
../Core/Src/main.c: In function 'main':
../Core/Src/main.c:124:3: warning: implicit declaration of function 'printf' [-Wimplicit-function-declaration]
  124 |   printf("Bootloader is running...\r\n");
      |   ^~~~~~
../Core/Src/main.c:124:3: warning: incompatible implicit declaration of built-in function 'printf'
../Core/Src/main.c:21:1: note: include '<stdio.h>' or provide a declaration of 'printf'
   20 | #include "main.h"
  +++ |+#include <stdio.h>
   21 | 
arm-none-eabi-gcc "../Core/Src/stm32h7xx_hal_msp.c" -mcpu=cortex-m7 -std=gnu11 -g3 -DDEBUG -DUSE_HAL_DRIVER -DSTM32H723xx -c -I../Core/Inc -I../Drivers/STM32H7xx_HAL_Driver/Inc -I../Drivers/STM32H7xx_HAL_Driver/Inc/Legacy -I../Drivers/CMSIS/Device/ST/STM32H7xx/Include -I../Drivers/CMSIS/Include -O0 -ffunction-sections -fdata-sections -Wall -fstack-usage -MMD -MP -MF"Core/Src/stm32h7xx_hal_msp.d" -MT"Core/Src/stm32h7xx_hal_msp.o" --specs=nano.specs -mfpu=fpv5-d16 -mfloat-abi=hard -mthumb -o "Core/Src/stm32h7xx_hal_msp.o"
arm-none-eabi-gcc "../Core/Src/stm32h7xx_it.c" -mcpu=cortex-m7 -std=gnu11 -g3 -DDEBUG -DUSE_HAL_DRIVER -DSTM32H723xx -c -I../Core/Inc -I../Drivers/STM32H7xx_HAL_Driver/Inc -I../Drivers/STM32H7xx_HAL_Driver/Inc/Legacy -I../Drivers/CMSIS/Device/ST/STM32H7xx/Include -I../Drivers/CMSIS/Include -O0 -ffunction-sections -fdata-sections -Wall -fstack-usage -MMD -MP -MF"Core/Src/stm32h7xx_it.d" -MT"Core/Src/stm32h7xx_it.o" --specs=nano.specs -mfpu=fpv5-d16 -mfloat-abi=hard -mthumb -o "Core/Src/stm32h7xx_it.o"
arm-none-eabi-gcc "../Core/Src/system_stm32h7xx.c" -mcpu=cortex-m7 -std=gnu11 -g3 -DDEBUG -DUSE_HAL_DRIVER -DSTM32H723xx -c -I../Core/Inc -I../Drivers/STM32H7xx_HAL_Driver/Inc -I../Drivers/STM32H7xx_HAL_Driver/Inc/Legacy -I../Drivers/CMSIS/Device/ST/STM32H7xx/Include -I../Drivers/CMSIS/Include -O0 -ffunction-sections -fdata-sections -Wall -fstack-usage -MMD -MP -MF"Core/Src/system_stm32h7xx.d" -MT"Core/Src/system_stm32h7xx.o" --specs=nano.specs -mfpu=fpv5-d16 -mfloat-abi=hard -mthumb -o "Core/Src/system_stm32h7xx.o"
arm-none-eabi-gcc -o "BOOTLOADER.elf" @"objects.list"   -mcpu=cortex-m7 -T"/Users/kaanari/PlanS/BOOTLOADER/STM32H723ZGTX_FLASH.ld" --specs=nosys.specs -Wl,-Map="BOOTLOADER.map" -Wl,--gc-sections -static --specs=nano.specs -mfpu=fpv5-d16 -mfloat-abi=hard -mthumb -Wl,--start-group -lc -lm -Wl,--end-group
Finished building target: BOOTLOADER.elf
 
arm-none-eabi-size   BOOTLOADER.elf 
arm-none-eabi-objdump -h -S  BOOTLOADER.elf  > "BOOTLOADER.list"
   text	   data	    bss	    dec	    hex	filename
  37932	    128	   1960	  40020	   9c54	BOOTLOADER.elf
Finished building: default.size.stdout
 
Finished building: BOOTLOADER.list
 
20:43:14 **** Incremental Build of configuration Debug for project BOOTLOADER ****
make -j11 all 
arm-none-eabi-size   BOOTLOADER.elf 
   text	   data	    bss	    dec	    hex	filename
  37932	    128	   1960	  40020	   9c54	BOOTLOADER.elf
Finished building: default.size.stdout
 
20:45:01 **** Incremental Build of configuration Debug for project BOOTLOADER ****
make -j11 all 
arm-none-eabi-gcc "../Core/Src/main.c" -mcpu=cortex-m7 -std=gnu11 -g3 -DDEBUG -DUSE_HAL_DRIVER -DSTM32H723xx -c -I../Core/Inc -I../Drivers/STM32H7xx_HAL_Driver/Inc -I../Drivers/STM32H7xx_HAL_Driver/Inc/Legacy -I../Drivers/CMSIS/Device/ST/STM32H7xx/Include -I../Drivers/CMSIS/Include -O0 -ffunction-sections -fdata-sections -Wall -fstack-usage -MMD -MP -MF"Core/Src/main.d" -MT"Core/Src/main.o" --specs=nano.specs -mfpu=fpv5-d16 -mfloat-abi=hard -mthumb -o "Core/Src/main.o"
../Core/Src/main.c: In function '_write':
../Core/Src/main.c:74:4: warning: implicit declaration of function 'memcpy' [-Wimplicit-function-declaration]
   74 |    memcpy(UART_TX_BUFFER, data, len);
      |    ^~~~~~
../Core/Src/main.c:74:4: warning: incompatible implicit declaration of built-in function 'memcpy'
../Core/Src/main.c:21:1: note: include '<string.h>' or provide a declaration of 'memcpy'
   20 | #include "main.h"
  +++ |+#include <string.h>
   21 | 
../Core/Src/main.c: In function 'main':
../Core/Src/main.c:124:3: warning: implicit declaration of function 'printf' [-Wimplicit-function-declaration]
  124 |   printf("Bootloader is running...\r\n");
      |   ^~~~~~
../Core/Src/main.c:124:3: warning: incompatible implicit declaration of built-in function 'printf'
../Core/Src/main.c:21:1: note: include '<stdio.h>' or provide a declaration of 'printf'
   20 | #include "main.h"
  +++ |+#include <stdio.h>
   21 | 
arm-none-eabi-gcc -o "BOOTLOADER.elf" @"objects.list"   -mcpu=cortex-m7 -T"/Users/kaanari/PlanS/BOOTLOADER/STM32H723ZGTX_FLASH.ld" --specs=nosys.specs -Wl,-Map="BOOTLOADER.map" -Wl,--gc-sections -static --specs=nano.specs -mfpu=fpv5-d16 -mfloat-abi=hard -mthumb -Wl,--start-group -lc -lm -Wl,--end-group
Finished building target: BOOTLOADER.elf
 
arm-none-eabi-size   BOOTLOADER.elf 
arm-none-eabi-objdump -h -S  BOOTLOADER.elf  > "BOOTLOADER.list"
   text	   data	    bss	    dec	    hex	filename
  38028	    128	   1960	  40116	   9cb4	BOOTLOADER.elf
Finished building: default.size.stdout
 
Finished building: BOOTLOADER.list
 
20:45:52 **** Incremental Build of configuration Debug for project BOOTLOADER ****
make -j11 all 
arm-none-eabi-gcc "../Core/Src/main.c" -mcpu=cortex-m7 -std=gnu11 -g3 -DDEBUG -DUSE_HAL_DRIVER -DSTM32H723xx -c -I../Core/Inc -I../Drivers/STM32H7xx_HAL_Driver/Inc -I../Drivers/STM32H7xx_HAL_Driver/Inc/Legacy -I../Drivers/CMSIS/Device/ST/STM32H7xx/Include -I../Drivers/CMSIS/Include -O0 -ffunction-sections -fdata-sections -Wall -fstack-usage -MMD -MP -MF"Core/Src/main.d" -MT"Core/Src/main.o" --specs=nano.specs -mfpu=fpv5-d16 -mfloat-abi=hard -mthumb -o "Core/Src/main.o"
../Core/Src/main.c: In function '_write':
../Core/Src/main.c:74:4: warning: implicit declaration of function 'memcpy' [-Wimplicit-function-declaration]
   74 |    memcpy(UART_TX_BUFFER, data, len);
      |    ^~~~~~
../Core/Src/main.c:74:4: warning: incompatible implicit declaration of built-in function 'memcpy'
../Core/Src/main.c:21:1: note: include '<string.h>' or provide a declaration of 'memcpy'
   20 | #include "main.h"
  +++ |+#include <string.h>
   21 | 
../Core/Src/main.c: In function 'main':
../Core/Src/main.c:124:3: warning: implicit declaration of function 'printf' [-Wimplicit-function-declaration]
  124 |   printf("Bootloader is running...\r\n");
      |   ^~~~~~
../Core/Src/main.c:124:3: warning: incompatible implicit declaration of built-in function 'printf'
../Core/Src/main.c:21:1: note: include '<stdio.h>' or provide a declaration of 'printf'
   20 | #include "main.h"
  +++ |+#include <stdio.h>
   21 | 
arm-none-eabi-gcc -o "BOOTLOADER.elf" @"objects.list"   -mcpu=cortex-m7 -T"/Users/kaanari/PlanS/BOOTLOADER/STM32H723ZGTX_FLASH.ld" --specs=nosys.specs -Wl,-Map="BOOTLOADER.map" -Wl,--gc-sections -static --specs=nano.specs -mfpu=fpv5-d16 -mfloat-abi=hard -mthumb -Wl,--start-group -lc -lm -Wl,--end-group
Finished building target: BOOTLOADER.elf
 
arm-none-eabi-size   BOOTLOADER.elf 
arm-none-eabi-objdump -h -S  BOOTLOADER.elf  > "BOOTLOADER.list"
   text	   data	    bss	    dec	    hex	filename
  38028	    128	   1960	  40116	   9cb4	BOOTLOADER.elf
Finished building: default.size.stdout
 
Finished building: BOOTLOADER.list
 
20:47:07 **** Incremental Build of configuration Debug for project BOOTLOADER ****
make -j11 all 
arm-none-eabi-gcc "../Core/Src/main.c" -mcpu=cortex-m7 -std=gnu11 -g3 -DDEBUG -DUSE_HAL_DRIVER -DSTM32H723xx -c -I../Core/Inc -I../Drivers/STM32H7xx_HAL_Driver/Inc -I../Drivers/STM32H7xx_HAL_Driver/Inc/Legacy -I../Drivers/CMSIS/Device/ST/STM32H7xx/Include -I../Drivers/CMSIS/Include -O0 -ffunction-sections -fdata-sections -Wall -fstack-usage -MMD -MP -MF"Core/Src/main.d" -MT"Core/Src/main.o" --specs=nano.specs -mfpu=fpv5-d16 -mfloat-abi=hard -mthumb -o "Core/Src/main.o"
../Core/Src/main.c: In function '_write':
../Core/Src/main.c:74:4: warning: implicit declaration of function 'memcpy' [-Wimplicit-function-declaration]
   74 |    memcpy(UART_TX_BUFFER, data, len);
      |    ^~~~~~
../Core/Src/main.c:74:4: warning: incompatible implicit declaration of built-in function 'memcpy'
../Core/Src/main.c:21:1: note: include '<string.h>' or provide a declaration of 'memcpy'
   20 | #include "main.h"
  +++ |+#include <string.h>
   21 | 
../Core/Src/main.c: In function 'main':
../Core/Src/main.c:125:3: warning: implicit declaration of function 'printf' [-Wimplicit-function-declaration]
  125 |   printf("Bootloader is running...\r\n");
      |   ^~~~~~
../Core/Src/main.c:125:3: warning: incompatible implicit declaration of built-in function 'printf'
../Core/Src/main.c:21:1: note: include '<stdio.h>' or provide a declaration of 'printf'
   20 | #include "main.h"
  +++ |+#include <stdio.h>
   21 | 
arm-none-eabi-gcc -o "BOOTLOADER.elf" @"objects.list"   -mcpu=cortex-m7 -T"/Users/kaanari/PlanS/BOOTLOADER/STM32H723ZGTX_FLASH.ld" --specs=nosys.specs -Wl,-Map="BOOTLOADER.map" -Wl,--gc-sections -static --specs=nano.specs -mfpu=fpv5-d16 -mfloat-abi=hard -mthumb -Wl,--start-group -lc -lm -Wl,--end-group
Finished building target: BOOTLOADER.elf
 
arm-none-eabi-size   BOOTLOADER.elf 
arm-none-eabi-objdump -h -S  BOOTLOADER.elf  > "BOOTLOADER.list"
   text	   data	    bss	    dec	    hex	filename
  38036	    128	   1960	  40124	   9cbc	BOOTLOADER.elf
Finished building: default.size.stdout
 
Finished building: BOOTLOADER.list
 
21:56:42 **** Incremental Build of configuration Debug for project BOOTLOADER ****
make -j11 all 
[...]
arm-none-eabi-gcc "../Core/Src/main.c" -mcpu=cortex-m7 -std=gnu11 -g3 -DDEBUG -DUSE_HAL_DRIVER -DSTM32H723xx -c -I../Core/Inc -I../Drivers/STM32H7xx_HAL_Driver/Inc -I../Drivers/STM32H7xx_HAL_Driver/Inc/Legacy -I../Drivers/CMSIS/Device/ST/STM32H7xx/Include -I../Drivers/CMSIS/Include -O0 -ffunction-sections -fdata-sections -Wall -fstack-usage -MMD -MP -MF"Core/Src/main.d" -MT"Core/Src/main.o" --specs=nano.specs -mfpu=fpv5-d16 -mfloat-abi=hard -mthumb -o "Core/Src/main.o"
In file included from ../Core/Src/bootloader.c:7:
../Core/Inc/bootloader.h:17: warning: "FLASH_SIZE" redefined
   17 | #define FLASH_SIZE 0x00100000
      | 
In file included from ../Drivers/CMSIS/Device/ST/STM32H7xx/Include/stm32h7xx.h:167,
                 from ../Drivers/STM32H7xx_HAL_Driver/Inc/stm32h7xx_hal_def.h:29,
                 from ../Drivers/STM32H7xx_HAL_Driver/Inc/stm32h7xx_hal_rcc.h:27,
                 from ../Core/Inc/stm32h7xx_hal_conf.h:246,
                 from ../Drivers/STM32H7xx_HAL_Driver/Inc/stm32h7xx_hal.h:29,
                 from ../Core/Inc/main.h:30,
                 from ../Core/Inc/bootloader.h:11,
                 from ../Core/Src/bootloader.c:7:
../Drivers/CMSIS/Device/ST/STM32H7xx/Include/stm32h723xx.h:10807: note: this is the location of the previous definition
10807 | #define FLASH_SIZE                           ((((*((uint16_t *)FLASH_SIZE_DATA_REGISTER)) == 0xFFFFU)) ? 0x100000U : \
      | 
In file included from ../Core/Src/bootloader.c:7:
../Core/Inc/bootloader.h:30: warning: "FLASH_SECTOR_SIZE" redefined
   30 | #define FLASH_SECTOR_SIZE 0x00020000 /* 128 KB */
      | 
In file included from ../Drivers/CMSIS/Device/ST/STM32H7xx/Include/stm32h7xx.h:167,
                 from ../Drivers/STM32H7xx_HAL_Driver/Inc/stm32h7xx_hal_def.h:29,
                 from ../Drivers/STM32H7xx_HAL_Driver/Inc/stm32h7xx_hal_rcc.h:27,
                 from ../Core/Inc/stm32h7xx_hal_conf.h:246,
                 from ../Drivers/STM32H7xx_HAL_Driver/Inc/stm32h7xx_hal.h:29,
                 from ../Core/Inc/main.h:30,
                 from ../Core/Inc/bootloader.h:11,
                 from ../Core/Src/bootloader.c:7:
../Drivers/CMSIS/Device/ST/STM32H7xx/Include/stm32h723xx.h:10811: note: this is the location of the previous definition
10811 | #define FLASH_SECTOR_SIZE                    0x00020000UL          /* 128 KB   */
      | 
In file included from ../Core/Src/bootloader.c:7:
../Core/Inc/bootloader.h:31: warning: "FLASH_BANK_SIZE" redefined
   31 | #define FLASH_BANK_SIZE 0x00020000
      | 
In file included from ../Drivers/CMSIS/Device/ST/STM32H7xx/Include/stm32h7xx.h:167,
                 from ../Drivers/STM32H7xx_HAL_Driver/Inc/stm32h7xx_hal_def.h:29,
                 from ../Drivers/STM32H7xx_HAL_Driver/Inc/stm32h7xx_hal_rcc.h:27,
                 from ../Core/Inc/stm32h7xx_hal_conf.h:246,
                 from ../Drivers/STM32H7xx_HAL_Driver/Inc/stm32h7xx_hal.h:29,
                 from ../Core/Inc/main.h:30,
                 from ../Core/Inc/bootloader.h:11,
                 from ../Core/Src/bootloader.c:7:
../Drivers/CMSIS/Device/ST/STM32H7xx/Include/stm32h723xx.h:10810: note: this is the location of the previous definition
10810 | #define FLASH_BANK_SIZE                      FLASH_SIZE            /* 1 MB   */
      | 
In file included from ../Core/Src/main.c:21:
../Core/Inc/bootloader.h:17: warning: "FLASH_SIZE" redefined
   17 | #define FLASH_SIZE 0x00100000
      | 
../Core/Src/bootloader.c: In function 'load_app':
../Core/Src/bootloader.c:41:2: error: conversion to non-scalar type requested
   41 |  selected_application.func_p = (application_info_t)jump_PC_ptr;
      |  ^~~~~~~~~~~~~~~~~~~~
../Core/Src/bootloader.c:46:2: error: called object is not a function or function pointer
   46 |  selected_application.func_p();
      |  ^~~~~~~~~~~~~~~~~~~~
../Core/Src/bootloader.c: In function 'check_applications':
../Core/Src/bootloader.c:78:21: warning: assignment to 'uint32_t *' {aka 'long unsigned int *'} from 'int' makes pointer from integer without a cast [-Wint-conversion]
   78 |   app_start_address = BOOTLOADER_ADDRESS + FLASH_SECTOR_SIZE*(app_num+1);
      |                     ^
In file included from ../Drivers/CMSIS/Device/ST/STM32H7xx/Include/stm32h7xx.h:167,
                 from ../Drivers/STM32H7xx_HAL_Driver/Inc/stm32h7xx_hal_def.h:29,
                 from ../Drivers/STM32H7xx_HAL_Driver/Inc/stm32h7xx_hal_rcc.h:27,
                 from ../Core/Inc/stm32h7xx_hal_conf.h:246,
                 from ../Drivers/STM32H7xx_HAL_Driver/Inc/stm32h7xx_hal.h:29,
                 from ../Core/Inc/main.h:30,
                 from ../Core/Src/main.c:20:
../Drivers/CMSIS/Device/ST/STM32H7xx/Include/stm32h723xx.h:10807: note: this is the location of the previous definition
10807 | #define FLASH_SIZE                           ((((*((uint16_t *)FLASH_SIZE_DATA_REGISTER)) == 0xFFFFU)) ? 0x100000U : \
      | 
In file included from ../Core/Src/main.c:21:
../Core/Inc/bootloader.h:30: warning: "FLASH_SECTOR_SIZE" redefined
   30 | #define FLASH_SECTOR_SIZE 0x00020000 /* 128 KB */
      | 
In file included from ../Drivers/CMSIS/Device/ST/STM32H7xx/Include/stm32h7xx.h:167,
                 from ../Drivers/STM32H7xx_HAL_Driver/Inc/stm32h7xx_hal_def.h:29,
                 from ../Drivers/STM32H7xx_HAL_Driver/Inc/stm32h7xx_hal_rcc.h:27,
                 from ../Core/Inc/stm32h7xx_hal_conf.h:246,
                 from ../Drivers/STM32H7xx_HAL_Driver/Inc/stm32h7xx_hal.h:29,
                 from ../Core/Inc/main.h:30,
                 from ../Core/Src/main.c:20:
../Drivers/CMSIS/Device/ST/STM32H7xx/Include/stm32h723xx.h:10811: note: this is the location of the previous definition
10811 | #define FLASH_SECTOR_SIZE                    0x00020000UL          /* 128 KB   */
      | 
In file included from ../Core/Src/main.c:21:
../Core/Inc/bootloader.h:31: warning: "FLASH_BANK_SIZE" redefined
   31 | #define FLASH_BANK_SIZE 0x00020000
      | 
In file included from ../Drivers/CMSIS/Device/ST/STM32H7xx/Include/stm32h7xx.h:167,
                 from ../Drivers/STM32H7xx_HAL_Driver/Inc/stm32h7xx_hal_def.h:29,
                 from ../Drivers/STM32H7xx_HAL_Driver/Inc/stm32h7xx_hal_rcc.h:27,
                 from ../Core/Inc/stm32h7xx_hal_conf.h:246,
                 from ../Drivers/STM32H7xx_HAL_Driver/Inc/stm32h7xx_hal.h:29,
                 from ../Core/Inc/main.h:30,
                 from ../Core/Src/main.c:20:
../Drivers/CMSIS/Device/ST/STM32H7xx/Include/stm32h723xx.h:10810: note: this is the location of the previous definition
10810 | #define FLASH_BANK_SIZE                      FLASH_SIZE            /* 1 MB   */
      | 
../Core/Src/main.c: In function '_write':
../Core/Src/main.c:79:4: warning: implicit declaration of function 'memcpy' [-Wimplicit-function-declaration]
   79 |    memcpy(UART_TX_BUFFER, data, len);
      |    ^~~~~~
../Core/Src/main.c:79:4: warning: incompatible implicit declaration of built-in function 'memcpy'
../Core/Src/main.c:22:1: note: include '<string.h>' or provide a declaration of 'memcpy'
   21 | #include "bootloader.h"
  +++ |+#include <string.h>
   22 | 
make: *** [Core/Src/subdir.mk:37: Core/Src/bootloader.o] Error 1
make: *** Waiting for unfinished jobs....
../Core/Src/main.c: In function 'main':
../Core/Src/main.c:130:3: warning: implicit declaration of function 'bootloader' [-Wimplicit-function-declaration]
  130 |   bootloader();
      |   ^~~~~~~~~~
"make -j11 all" terminated with exit code 2. Build might be incomplete.
22:48:41 **** Incremental Build of configuration Debug for project BOOTLOADER ****
make -j11 all 
arm-none-eabi-gcc "../Core/Src/bootloader.c" -mcpu=cortex-m7 -std=gnu11 -g3 -DDEBUG -DUSE_HAL_DRIVER -DSTM32H723xx -c -I../Core/Inc -I../Drivers/STM32H7xx_HAL_Driver/Inc -I../Drivers/STM32H7xx_HAL_Driver/Inc/Legacy -I../Drivers/CMSIS/Device/ST/STM32H7xx/Include -I../Drivers/CMSIS/Include -O0 -ffunction-sections -fdata-sections -Wall -fstack-usage -MMD -MP -MF"Core/Src/bootloader.d" -MT"Core/Src/bootloader.o" --specs=nano.specs -mfpu=fpv5-d16 -mfloat-abi=hard -mthumb -o "Core/Src/bootloader.o"
arm-none-eabi-gcc "../Core/Src/main.c" -mcpu=cortex-m7 -std=gnu11 -g3 -DDEBUG -DUSE_HAL_DRIVER -DSTM32H723xx -c -I../Core/Inc -I../Drivers/STM32H7xx_HAL_Driver/Inc -I../Drivers/STM32H7xx_HAL_Driver/Inc/Legacy -I../Drivers/CMSIS/Device/ST/STM32H7xx/Include -I../Drivers/CMSIS/Include -O0 -ffunction-sections -fdata-sections -Wall -fstack-usage -MMD -MP -MF"Core/Src/main.d" -MT"Core/Src/main.o" --specs=nano.specs -mfpu=fpv5-d16 -mfloat-abi=hard -mthumb -o "Core/Src/main.o"
In file included from ../Core/Src/bootloader.c:7:
../Core/Inc/bootloader.h:17: warning: "FLASH_SIZE" redefined
   17 | #define FLASH_SIZE 0x00100000
      | 
In file included from ../Core/Src/main.c:21:
../Core/Inc/bootloader.h:17: warning: "FLASH_SIZE" redefined
   17 | #define FLASH_SIZE 0x00100000
      | 
In file included from ../Drivers/CMSIS/Device/ST/STM32H7xx/Include/stm32h7xx.h:167,
                 from ../Drivers/STM32H7xx_HAL_Driver/Inc/stm32h7xx_hal_def.h:29,
                 from ../Drivers/STM32H7xx_HAL_Driver/Inc/stm32h7xx_hal_rcc.h:27,
                 from ../Core/Inc/stm32h7xx_hal_conf.h:246,
                 from ../Drivers/STM32H7xx_HAL_Driver/Inc/stm32h7xx_hal.h:29,
                 from ../Core/Inc/main.h:30,
                 from ../Core/Inc/bootloader.h:11,
                 from ../Core/Src/bootloader.c:7:
../Drivers/CMSIS/Device/ST/STM32H7xx/Include/stm32h723xx.h:10807: note: this is the location of the previous definition
10807 | #define FLASH_SIZE                           ((((*((uint16_t *)FLASH_SIZE_DATA_REGISTER)) == 0xFFFFU)) ? 0x100000U : \
      | 
In file included from ../Drivers/CMSIS/Device/ST/STM32H7xx/Include/stm32h7xx.h:167,
                 from ../Drivers/STM32H7xx_HAL_Driver/Inc/stm32h7xx_hal_def.h:29,
                 from ../Drivers/STM32H7xx_HAL_Driver/Inc/stm32h7xx_hal_rcc.h:27,
                 from ../Core/Inc/stm32h7xx_hal_conf.h:246,
                 from ../Drivers/STM32H7xx_HAL_Driver/Inc/stm32h7xx_hal.h:29,
                 from ../Core/Inc/main.h:30,
                 from ../Core/Src/main.c:20:
../Drivers/CMSIS/Device/ST/STM32H7xx/Include/stm32h723xx.h:10807: note: this is the location of the previous definition
10807 | #define FLASH_SIZE                           ((((*((uint16_t *)FLASH_SIZE_DATA_REGISTER)) == 0xFFFFU)) ? 0x100000U : \
      | 
In file included from ../Core/Src/bootloader.c:7:
../Core/Inc/bootloader.h:30: warning: "FLASH_SECTOR_SIZE" redefined
   30 | #define FLASH_SECTOR_SIZE 0x00020000 /* 128 KB */
      | 
In file included from ../Drivers/CMSIS/Device/ST/STM32H7xx/Include/stm32h7xx.h:167,
                 from ../Drivers/STM32H7xx_HAL_Driver/Inc/stm32h7xx_hal_def.h:29,
                 from ../Drivers/STM32H7xx_HAL_Driver/Inc/stm32h7xx_hal_rcc.h:27,
                 from ../Core/Inc/stm32h7xx_hal_conf.h:246,
                 from ../Drivers/STM32H7xx_HAL_Driver/Inc/stm32h7xx_hal.h:29,
                 from ../Core/Inc/main.h:30,
                 from ../Core/Inc/bootloader.h:11,
                 from ../Core/Src/bootloader.c:7:
../Drivers/CMSIS/Device/ST/STM32H7xx/Include/stm32h723xx.h:10811: note: this is the location of the previous definition
10811 | #define FLASH_SECTOR_SIZE                    0x00020000UL          /* 128 KB   */
      | 
In file included from ../Core/Src/main.c:21:
../Core/Inc/bootloader.h:30: warning: "FLASH_SECTOR_SIZE" redefined
   30 | #define FLASH_SECTOR_SIZE 0x00020000 /* 128 KB */
      | 
In file included from ../Core/Src/bootloader.c:7:
../Core/Inc/bootloader.h:31: warning: "FLASH_BANK_SIZE" redefined
   31 | #define FLASH_BANK_SIZE 0x00020000
      | 
In file included from ../Drivers/CMSIS/Device/ST/STM32H7xx/Include/stm32h7xx.h:167,
                 from ../Drivers/STM32H7xx_HAL_Driver/Inc/stm32h7xx_hal_def.h:29,
                 from ../Drivers/STM32H7xx_HAL_Driver/Inc/stm32h7xx_hal_rcc.h:27,
                 from ../Core/Inc/stm32h7xx_hal_conf.h:246,
                 from ../Drivers/STM32H7xx_HAL_Driver/Inc/stm32h7xx_hal.h:29,
                 from ../Core/Inc/main.h:30,
                 from ../Core/Src/main.c:20:
../Drivers/CMSIS/Device/ST/STM32H7xx/Include/stm32h723xx.h:10811: note: this is the location of the previous definition
10811 | #define FLASH_SECTOR_SIZE                    0x00020000UL          /* 128 KB   */
      | 
In file included from ../Drivers/CMSIS/Device/ST/STM32H7xx/Include/stm32h7xx.h:167,
                 from ../Drivers/STM32H7xx_HAL_Driver/Inc/stm32h7xx_hal_def.h:29,
                 from ../Drivers/STM32H7xx_HAL_Driver/Inc/stm32h7xx_hal_rcc.h:27,
                 from ../Core/Inc/stm32h7xx_hal_conf.h:246,
                 from ../Drivers/STM32H7xx_HAL_Driver/Inc/stm32h7xx_hal.h:29,
                 from ../Core/Inc/main.h:30,
                 from ../Core/Inc/bootloader.h:11,
                 from ../Core/Src/bootloader.c:7:
../Drivers/CMSIS/Device/ST/STM32H7xx/Include/stm32h723xx.h:10810: note: this is the location of the previous definition
10810 | #define FLASH_BANK_SIZE                      FLASH_SIZE            /* 1 MB   */
      | 
In file included from ../Core/Src/main.c:21:
../Core/Inc/bootloader.h:31: warning: "FLASH_BANK_SIZE" redefined
   31 | #define FLASH_BANK_SIZE 0x00020000
      | 
In file included from ../Drivers/CMSIS/Device/ST/STM32H7xx/Include/stm32h7xx.h:167,
                 from ../Drivers/STM32H7xx_HAL_Driver/Inc/stm32h7xx_hal_def.h:29,
                 from ../Drivers/STM32H7xx_HAL_Driver/Inc/stm32h7xx_hal_rcc.h:27,
                 from ../Core/Inc/stm32h7xx_hal_conf.h:246,
                 from ../Drivers/STM32H7xx_HAL_Driver/Inc/stm32h7xx_hal.h:29,
                 from ../Core/Inc/main.h:30,
                 from ../Core/Src/main.c:20:
../Drivers/CMSIS/Device/ST/STM32H7xx/Include/stm32h723xx.h:10810: note: this is the location of the previous definition
10810 | #define FLASH_BANK_SIZE                      FLASH_SIZE            /* 1 MB   */
      | 
../Core/Src/bootloader.c: In function 'load_app':
../Core/Src/main.c: In function '_write':
../Core/Src/main.c:79:4: warning: implicit declaration of function 'memcpy' [-Wimplicit-function-declaration]
   79 |    memcpy(UART_TX_BUFFER, data, len);
      |    ^~~~~~
../Core/Src/main.c:79:4: warning: incompatible implicit declaration of built-in function 'memcpy'
../Core/Src/bootloader.c:41:32: error: cast specifies function type
   41 |  selected_application.func_p = (application_t)jump_PC_ptr;
      |                                ^
../Core/Src/main.c:22:1: note: include '<string.h>' or provide a declaration of 'memcpy'
   21 | #include "bootloader.h"
  +++ |+#include <string.h>
   22 | 
../Core/Src/bootloader.c: In function 'check_applications':
../Core/Src/bootloader.c:78:21: warning: assignment to 'uint32_t *' {aka 'long unsigned int *'} from 'int' makes pointer from integer without a cast [-Wint-conversion]
   78 |   app_start_address = BOOTLOADER_ADDRESS + FLASH_SECTOR_SIZE*(app_num+1);
      |                     ^
make: *** [Core/Src/subdir.mk:37: Core/Src/bootloader.o] Error 1
make: *** Waiting for unfinished jobs....
../Core/Src/main.c: In function 'main':
../Core/Src/main.c:130:3: warning: implicit declaration of function 'bootloader' [-Wimplicit-function-declaration]
  130 |   bootloader();
      |   ^~~~~~~~~~
"make -j11 all" terminated with exit code 2. Build might be incomplete.
22:49:07 **** Incremental Build of configuration Debug for project BOOTLOADER ****
make -j11 all 
arm-none-eabi-gcc "../Core/Src/bootloader.c" -mcpu=cortex-m7 -std=gnu11 -g3 -DDEBUG -DUSE_HAL_DRIVER -DSTM32H723xx -c -I../Core/Inc -I../Drivers/STM32H7xx_HAL_Driver/Inc -I../Drivers/STM32H7xx_HAL_Driver/Inc/Legacy -I../Drivers/CMSIS/Device/ST/STM32H7xx/Include -I../Drivers/CMSIS/Include -O0 -ffunction-sections -fdata-sections -Wall -fstack-usage -MMD -MP -MF"Core/Src/bootloader.d" -MT"Core/Src/bootloader.o" --specs=nano.specs -mfpu=fpv5-d16 -mfloat-abi=hard -mthumb -o "Core/Src/bootloader.o"
In file included from ../Core/Src/bootloader.c:7:
../Core/Inc/bootloader.h:17: warning: "FLASH_SIZE" redefined
   17 | #define FLASH_SIZE 0x00100000
      | 
In file included from ../Drivers/CMSIS/Device/ST/STM32H7xx/Include/stm32h7xx.h:167,
                 from ../Drivers/STM32H7xx_HAL_Driver/Inc/stm32h7xx_hal_def.h:29,
                 from ../Drivers/STM32H7xx_HAL_Driver/Inc/stm32h7xx_hal_rcc.h:27,
                 from ../Core/Inc/stm32h7xx_hal_conf.h:246,
                 from ../Drivers/STM32H7xx_HAL_Driver/Inc/stm32h7xx_hal.h:29,
                 from ../Core/Inc/main.h:30,
                 from ../Core/Inc/bootloader.h:11,
                 from ../Core/Src/bootloader.c:7:
../Drivers/CMSIS/Device/ST/STM32H7xx/Include/stm32h723xx.h:10807: note: this is the location of the previous definition
10807 | #define FLASH_SIZE                           ((((*((uint16_t *)FLASH_SIZE_DATA_REGISTER)) == 0xFFFFU)) ? 0x100000U : \
      | 
In file included from ../Core/Src/bootloader.c:7:
../Core/Inc/bootloader.h:30: warning: "FLASH_SECTOR_SIZE" redefined
   30 | #define FLASH_SECTOR_SIZE 0x00020000 /* 128 KB */
      | 
In file included from ../Drivers/CMSIS/Device/ST/STM32H7xx/Include/stm32h7xx.h:167,
                 from ../Drivers/STM32H7xx_HAL_Driver/Inc/stm32h7xx_hal_def.h:29,
                 from ../Drivers/STM32H7xx_HAL_Driver/Inc/stm32h7xx_hal_rcc.h:27,
                 from ../Core/Inc/stm32h7xx_hal_conf.h:246,
                 from ../Drivers/STM32H7xx_HAL_Driver/Inc/stm32h7xx_hal.h:29,
                 from ../Core/Inc/main.h:30,
                 from ../Core/Inc/bootloader.h:11,
                 from ../Core/Src/bootloader.c:7:
../Drivers/CMSIS/Device/ST/STM32H7xx/Include/stm32h723xx.h:10811: note: this is the location of the previous definition
10811 | #define FLASH_SECTOR_SIZE                    0x00020000UL          /* 128 KB   */
      | 
In file included from ../Core/Src/bootloader.c:7:
../Core/Inc/bootloader.h:31: warning: "FLASH_BANK_SIZE" redefined
   31 | #define FLASH_BANK_SIZE 0x00020000
      | 
In file included from ../Drivers/CMSIS/Device/ST/STM32H7xx/Include/stm32h7xx.h:167,
                 from ../Drivers/STM32H7xx_HAL_Driver/Inc/stm32h7xx_hal_def.h:29,
                 from ../Drivers/STM32H7xx_HAL_Driver/Inc/stm32h7xx_hal_rcc.h:27,
                 from ../Core/Inc/stm32h7xx_hal_conf.h:246,
                 from ../Drivers/STM32H7xx_HAL_Driver/Inc/stm32h7xx_hal.h:29,
                 from ../Core/Inc/main.h:30,
                 from ../Core/Inc/bootloader.h:11,
                 from ../Core/Src/bootloader.c:7:
../Drivers/CMSIS/Device/ST/STM32H7xx/Include/stm32h723xx.h:10810: note: this is the location of the previous definition
10810 | #define FLASH_BANK_SIZE                      FLASH_SIZE            /* 1 MB   */
      | 
../Core/Src/bootloader.c: In function 'check_applications':
../Core/Src/bootloader.c:78:21: warning: assignment to 'uint32_t *' {aka 'long unsigned int *'} from 'int' makes pointer from integer without a cast [-Wint-conversion]
   78 |   app_start_address = BOOTLOADER_ADDRESS + FLASH_SECTOR_SIZE*(app_num+1);
      |                     ^
arm-none-eabi-gcc -o "BOOTLOADER.elf" @"objects.list"   -mcpu=cortex-m7 -T"/Users/kaanari/PlanS/BOOTLOADER/STM32H723ZGTX_FLASH.ld" --specs=nosys.specs -Wl,-Map="BOOTLOADER.map" -Wl,--gc-sections -static --specs=nano.specs -mfpu=fpv5-d16 -mfloat-abi=hard -mthumb -Wl,--start-group -lc -lm -Wl,--end-group
Finished building target: BOOTLOADER.elf
 
arm-none-eabi-size   BOOTLOADER.elf 
arm-none-eabi-objdump -h -S  BOOTLOADER.elf  > "BOOTLOADER.list"
   text	   data	    bss	    dec	    hex	filename
  40336	    128	   1960	  42424	   a5b8	BOOTLOADER.elf
Finished building: default.size.stdout
 
Finished building: BOOTLOADER.list
 
